 ConEmu

 Timestamp is 58bcbc9e (Mon Mar 06 04:34:22 2017)

 Preferred load address is 10000000

 Start         Length     Name                   Class
 0001:00000000 0003f8beH .text                   CODE
 0001:0003f8c0 0000002cH .text$yc                CODE
 0001:0003f8f0 0000000fH .text$yd                CODE
 0002:00000000 000003f0H .idata$5                DATA
 0002:000003f0 00000004H .CRT$XCA                DATA
 0002:000003f4 00000008H .CRT$XCU                DATA
 0002:000003fc 00000004H .CRT$XCZ                DATA
 0002:00000400 00000004H .CRT$XIA                DATA
 0002:00000404 0000000cH .CRT$XIC                DATA
 0002:00000410 00000004H .CRT$XIZ                DATA
 0002:00000414 00000004H .CRT$XPA                DATA
 0002:00000418 00000004H .CRT$XPZ                DATA
 0002:0000041c 00000004H .CRT$XTA                DATA
 0002:00000420 00000004H .CRT$XTZ                DATA
 0002:00000430 00005fe0H .rdata                  DATA
 0002:00006410 0000006fH .rdata$debug            DATA
 0002:00006480 00000010H .rdata$sxdata           DATA
 0002:00006490 00000004H .rtc$IAA                DATA
 0002:00006494 00000004H .rtc$IZZ                DATA
 0002:00006498 00000004H .rtc$TAA                DATA
 0002:0000649c 00000004H .rtc$TZZ                DATA
 0002:000064a0 00000484H .xdata$x                DATA
 0002:00006924 00000078H .idata$2                DATA
 0002:0000699c 00000014H .idata$3                DATA
 0002:000069b0 000003f0H .idata$4                DATA
 0002:00006da0 00001226H .idata$6                DATA
 0002:00007fd0 000002ddH .edata                  DATA
 0003:00000000 00000e50H .data                   DATA
 0003:00000e60 0000a48cH .bss                    DATA
 0004:00000000 00000058H .rsrc$01                DATA
 0004:00000060 00000308H .rsrc$02                DATA

  Address         Publics by Value              Rva+Base       Lib:Object

 0000:00000000       __except_list              00000000     <absolute>
 0000:00000004       ___safe_se_handler_count   00000004     <absolute>
 0000:00000000       ___ImageBase               10000000     <linker-defined>
 0001:00000000       ??0CEStr@@QAE@XZ           10001000 f   CEStr.obj
 0001:00000030       ??0CEStr@@QAE@PB_W00000000@Z 10001030 f   CEStr.obj
 0001:000000a0       ??0CEStr@@QAE@PA_W@Z       100010a0 f   CEStr.obj
 0001:000000e0       ?Empty@CEStr@@QAEXXZ       100010e0 f   CEStr.obj
 0001:00000140       ??BCEStr@@QBEPB_WXZ        10001140 f   CEStr.obj
 0001:00000150       ??BCEStr@@QBE_NXZ          10001150 f   CEStr.obj
 0001:00000170       ?c_str@CEStr@@QBEPB_WPB_W@Z 10001170 f   CEStr.obj
 0001:000001a0       ?Right@CEStr@@QBEPB_WH@Z   100011a0 f   CEStr.obj
 0001:00000200       ?Mid@CEStr@@QBEPB_WH@Z     10001200 f   CEStr.obj
 0001:00000250       ??4CEStr@@QAEAAU0@PA_W@Z   10001250 f   CEStr.obj
 0001:00000270       ??4CEStr@@QAEAAU0@PB_W@Z   10001270 f   CEStr.obj
 0001:00000290       ??1CEStr@@QAE@XZ           10001290 f   CEStr.obj
 0001:00000300       ?GetLen@CEStr@@QBEHXZ      10001300 f   CEStr.obj
 0001:00000350       ?GetMaxCount@CEStr@@QAEHXZ 10001350 f   CEStr.obj
 0001:00000390       ?GetBuffer@CEStr@@QAEPA_WH@Z 10001390 f   CEStr.obj
 0001:00000490       ?Detach@CEStr@@QAEPA_WXZ   10001490 f   CEStr.obj
 0001:000004d0       ?Clear@CEStr@@QAEXXZ       100014d0 f   CEStr.obj
 0001:00000510       ?Attach@CEStr@@QAEPB_WPA_W@Z 10001510 f   CEStr.obj
 0001:00000530       ?AttachInt@CEStr@@AAEPB_WAAPA_W@Z 10001530 f   CEStr.obj
 0001:000005c0       ?Compare@CEStr@@QBEHPB_W_N@Z 100015c0 f   CEStr.obj
 0001:00000640       ?IsPossibleSwitch@CEStr@@QBE_NXZ 10001640 f   CEStr.obj
 0001:000006d0       ?wcspbrk@@YAPA_WPA_WPB_W@Z 100016d0 f i CEStr.obj
 0001:000006f0       ?CompareSwitch@CEStr@@ABE_NPB_W@Z 100016f0 f   CEStr.obj
 0001:000007c0       ?IsSwitch@CEStr@@QBE_NPB_W@Z 100017c0 f   CEStr.obj
 0001:00000800       ?OneOfSwitches@CEStr@@QBE_NPB_W000000000@Z 10001800 f   CEStr.obj
 0001:000008a0       ?IsEmpty@CEStr@@QBE_NXZ    100018a0 f   CEStr.obj
 0001:000008e0       ?Set@CEStr@@QAEPB_WPB_WH@Z 100018e0 f   CEStr.obj
 0001:000009f0       _wmemmove                  100019f0 f i CEStr.obj
 0001:00000a10       ?StringCchCopyNW@@YGJPA_WIPB_WI@Z 10001a10 f i CEStr.obj
 0001:00000b50       ?SavePathVar@CEStr@@QAEXPB_W@Z 10001b50 f   CEStr.obj
 0001:00000b90       ?SaveEnvVar@CEStr@@QAEXPB_W0@Z 10001b90 f   CEStr.obj
 0001:00000c10       ?SetAt@CEStr@@QAEXH_W@Z    10001c10 f   CEStr.obj
 0001:00000c40       ?GetPosFrom@CEStr@@QAEXABU1@@Z 10001c40 f   CEStr.obj
 0001:00000c80       ??$klSwap@PA_W@@YIXAAPA_W0@Z 10001c80 f i CEStr.obj
 0001:00000cb0       ??$klMin@H@@YIABHABH0@Z    10001cb0 f i CEStr.obj
 0001:00000cf0       ?DemangleArg@@YI_NAAUCEStr@@_N1@Z 10001cf0 f   CmdLine.obj
 0001:00000fc0       ?IsNeedDequote@@YI_NPB_W_NPAPB_W@Z 10001fc0 f   CmdLine.obj
 0001:00001190       ?QueryNextArg@@YIPB_WPB_WAAUCEStr@@PAPB_W@Z 10002190 f   CmdLine.obj
 0001:000011c0       ?NextArg@@YIHPAPB_WAAUCEStr@@0@Z 100021c0 f   CmdLine.obj
 0001:00001690       ?QueryNextLine@@YIPB_WPB_WAAUCEStr@@K@Z 10002690 f   CmdLine.obj
 0001:000016c0       ?NextLine@@YIHPAPB_WAAUCEStr@@K@Z 100026c0 f   CmdLine.obj
 0001:00001830       ?AddEndSlash@@YIHPA_WH@Z   10002830 f   CmdLine.obj
 0001:000018b0       ?SkipNonPrintable@@YIPB_WPB_W@Z 100028b0 f   CmdLine.obj
 0001:00001910       ?CompareFileMask@@YI_NPB_W0@Z 10002910 f   CmdLine.obj
 0001:00001ae0       ?wcschr@@YAPA_WPA_W_W@Z    10002ae0 f i CmdLine.obj
 0001:00001b00       ?GetDrive@@YIPB_WPB_WPA_WH@Z 10002b00 f   CmdLine.obj
 0001:00001d00       ?GetDirectory@@YIPB_WAAUCEStr@@@Z 10002d00 f   CmdLine.obj
 0001:00001da0       ?IsNeedCmd@@YI_NHPB_WAAUCEStr@@PAPB_WPAH333@Z 10002da0 f   CmdLine.obj
 0001:000025e0       ?Disable@MWow64Disable@@QAEXXZ 100035e0 f i CmdLine.obj
 0001:00002610       ??0MWow64Disable@@QAE@XZ   10003610 f i CmdLine.obj
 0001:00002690       ??1MWow64Disable@@QAE@XZ   10003690 f i CmdLine.obj
 0001:000026b0       ?Restore@MWow64Disable@@QAEXXZ 100036b0 f i CmdLine.obj
 0001:000026f0       ?IsExecutable@@YI_NPB_WPAPA_W@Z 100036f0 f   CmdLine.obj
 0001:000027e0       ?CompareProcessNames@@YI_NPB_W0@Z 100037e0 f   CmdLine.obj
 0001:00002970       ?CheckProcessName@@YI_NPB_WPAPB_W@Z 10003970 f   CmdLine.obj
 0001:00002a70       ?IsConsoleService@@YI_NPB_W@Z 10003a70 f   CmdLine.obj
 0001:00002aa0       ?IsConEmuGui@@YI_NPB_W@Z   10003aa0 f   CmdLine.obj
 0001:00002ad0       ?IsConsoleServer@@YI_NPB_W@Z 10003ad0 f   CmdLine.obj
 0001:00002b00       ?IsTerminalServer@@YI_NPB_W@Z 10003b00 f   CmdLine.obj
 0001:00002b50       ?IsGitBashHelper@@YI_NPB_W@Z 10003b50 f   CmdLine.obj
 0001:00002b80       ?IsSshAgentHelper@@YI_NPB_W@Z 10003b80 f   CmdLine.obj
 0001:00002bb0       ?IsConsoleHelper@@YI_NPB_W@Z 10003bb0 f   CmdLine.obj
 0001:00002be0       ?IsFarExe@@YI_NPB_W@Z      10003be0 f   CmdLine.obj
 0001:00002c10       ?IsCmdProcessor@@YI_NPB_W@Z 10003c10 f   CmdLine.obj
 0001:00002c40       ?IsQuotationNeeded@@YI_NPB_W@Z 10003c40 f   CmdLine.obj
 0001:00002c80       ?MergeCmdLine@@YIPA_WPB_W0@Z 10003c80 f   CmdLine.obj
 0001:00002d20       ?JoinPath@@YIPA_WPB_W00@Z  10003d20 f   CmdLine.obj
 0001:00002e90       ?IsFilePath@@YI_NPB_W_N@Z  10003e90 f   CmdLine.obj
 0001:00003050       ?PointToName@@YIPB_WPB_W@Z 10004050 f   CmdLine.obj
 0001:000030e0       ?PointToName@@YIPBDPBD@Z   100040e0 f   CmdLine.obj
 0001:00003160       ?PointToExt@@YIPB_WPB_W@Z  10004160 f   CmdLine.obj
 0001:000031a0       ?Unquote@@YIPB_WPA_W_N@Z   100041a0 f   CmdLine.obj
 0001:00003230       ?wcsrchr@@YAPA_WPA_W_W@Z   10004230 f i CmdLine.obj
 0001:00003250       ?IsNewConsoleArg@@YI_NPB_W0@Z 10004250 f   CmdLine.obj
 0001:00003330       ?Set@STRPTR2@@QAEXPA_WH@Z  10004330 f   Common.obj
 0001:00003370       ?Mangle@STRPTR2@@QAEPAEPAE@Z 10004370 f   Common.obj
 0001:00003410       ?Demangle@STRPTR2@@QAEPA_WXZ 10004410 f   Common.obj
 0001:00003450       ??BSTRPTR2@@QAEPB_WXZ      10004450 f   Common.obj
 0001:00003470       ?PackInputRecord@@YIHPBU_INPUT_RECORD@@PAUMsgStr@MSG64@@@Z 10004470 f   Common.obj
 0001:00003680       ?UnpackInputRecord@@YIHPBUMsgStr@MSG64@@PAU_INPUT_RECORD@@@Z 10004680 f   Common.obj
 0001:000038e0       ?TranslateKeyPress@@YIXGK_WHPAU_INPUT_RECORD@@1@Z 100048e0 f   Common.obj
 0001:00003ae0       ?GetCommand@CESERVER_REQ_NEWCMD@@QAEPA_WXZ 10004ae0 f   Common.obj
 0001:00003b20       ?GetEnvStrings@CESERVER_REQ_NEWCMD@@QAEPA_WXZ 10004b20 f   Common.obj
 0001:00003b70       ?SetCommand@CESERVER_REQ_NEWCMD@@QAEXPB_W@Z 10004b70 f   Common.obj
 0001:00003bf0       ?SetEnvStrings@CESERVER_REQ_NEWCMD@@QAEXPB_WK@Z 10004bf0 f   Common.obj
 0001:00003d10       ?IsEnvBlockVariableValid@@YI_NPB_WAAPB_W@Z 10004d10 f   Common.obj
 0001:00003d70       ?IsEnvBlockVariableValid@@YI_NPB_W@Z 10004d70 f   Common.obj
 0001:00003db0       ?CommonShutdown@@YIXXZ     10004db0 f   Common.obj
 0001:00003dd0       ?ModuleName@@YIPB_WPB_W@Z  10004dd0 f   ConEmuCheck.obj
 0001:00003eb0       ?ExecuteOpenPipe@@YIPAXPB_WAAY0CAI@_W0KKHPAXH@Z 10004eb0 f   ConEmuCheck.obj
 0001:000040d0       ?ExecutePrepareCmd@@YIXPAUCESERVER_REQ@@KI@Z 100050d0 f   ConEmuCheck.obj
 0001:00004120       ?ExecutePrepareCmd@@YIXPAUCESERVER_REQ_HDR@@KI@Z 10005120 f   ConEmuCheck.obj
 0001:000041c0       ?ExecuteNewCmd@@YIPAUCESERVER_REQ@@KI@Z 100051c0 f   ConEmuCheck.obj
 0001:00004220       ?ExecuteNewCmd@@YI_NAAPAUCESERVER_REQ@@AAKKI@Z 10005220 f   ConEmuCheck.obj
 0001:000042a0       ?LoadSrvMapping@@YIHPAUHWND__@@AAUCESERVER_CONSOLE_MAPPING_HDR@@@Z 100052a0 f   ConEmuCheck.obj
 0001:000043d0       ?LoadGuiMapping@@YIHKAAUConEmuGuiMapping@@@Z 100053d0 f   ConEmuCheck.obj
 0001:000044f0       ?ExecuteNewCmdOnCreate@@YIPAUCESERVER_REQ@@PAUCESERVER_CONSOLE_MAPPING_HDR@@PAUHWND__@@W4CmdOnCreateType@@PB_W333PAK444HHPAX55@Z 100054f0 f   ConEmuCheck.obj
 0001:00004930       ?StringCchCopyW@@YGJPA_WIPB_W@Z 10005930 f i ConEmuCheck.obj
 0001:00004a60       ?ExecuteGuiCmd@@YIPAUCESERVER_REQ@@PAUHWND__@@PAU1@0H@Z 10005a60 f   ConEmuCheck.obj
 0001:00004af0       ?ExecuteSrvCmd@@YIPAUCESERVER_REQ@@KPAU1@PAUHWND__@@HKH@Z 10005af0 f   ConEmuCheck.obj
 0001:00004b90       ?ExecuteHkCmd@@YIPAUCESERVER_REQ@@KPAU1@PAUHWND__@@HH@Z 10005b90 f   ConEmuCheck.obj
 0001:00004c30       ?ExecuteCmd@@YIPAUCESERVER_REQ@@PB_WPAU1@KPAUHWND__@@HKH@Z 10005c30 f   ConEmuCheck.obj
 0001:00004f60       ?ExecuteFreeResult@@YIXAAPAUCESERVER_REQ@@@Z 10005f60 f   ConEmuCheck.obj
 0001:00004fa0       ?AllocateSendCurrentDirectory@@YI_NAAPAUCESERVER_REQ@@AAKPB_W2@Z 10005fa0 f   ConEmuCheck.obj
 0001:000050b0       ?SendCurrentDirectory@@YIXPAUHWND__@@PB_W1@Z 100060b0 f   ConEmuCheck.obj
 0001:00005110       ?isConsoleClass@@YI_NPB_W@Z 10006110 f   ConEmuCheck.obj
 0001:00005160       ?isConsoleWindow@@YI_NPAUHWND__@@@Z 10006160 f   ConEmuCheck.obj
 0001:00005260       ?myGetConsoleWindow@@YIPAUHWND__@@XZ 10006260 f   ConEmuCheck.obj
 0001:00005320       ?GetConEmuHWND@@YIPAUHWND__@@H@Z 10006320 f   ConEmuCheck.obj
 0001:000054d0       ??BHWND2@@QBEPAUHWND__@@XZ 100064d0 f i ConEmuCheck.obj
 0001:000054e0       ??BHWND2@@QBEKXZ           100064e0 f i ConEmuCheck.obj
 0001:000054f0       ?ConEmuCheck@@YIHPAPAUHWND__@@@Z 100064f0 f   ConEmuCheck.obj
 0001:00005530       ?GuiMessageBox@@YIHPAUHWND__@@PB_W1H@Z 10006530 f   ConEmuCheck.obj
 0001:00005680       ?InitName@?$MFileMapping@UCESERVER_CONSOLE_MAPPING_HDR@@@@QAEPB_WPB_WKK@Z 10006680 f i ConEmuCheck.obj
 0001:000056d0       ?CloseMap@?$MFileMapping@UCESERVER_CONSOLE_MAPPING_HDR@@@@QAEXXZ 100066d0 f i ConEmuCheck.obj
 0001:00005740       ?Open@?$MFileMapping@UCESERVER_CONSOLE_MAPPING_HDR@@@@QAEPAUCESERVER_CONSOLE_MAPPING_HDR@@HH@Z 10006740 f i ConEmuCheck.obj
 0001:00005760       ??0?$MFileMapping@UCESERVER_CONSOLE_MAPPING_HDR@@@@QAE@XZ 10006760 f i ConEmuCheck.obj
 0001:000057c0       ??1?$MFileMapping@UCESERVER_CONSOLE_MAPPING_HDR@@@@QAE@XZ 100067c0 f i ConEmuCheck.obj
 0001:000057e0       ?InitName@?$MFileMapping@UConEmuGuiMapping@@@@QAEPB_WPB_WKK@Z 100067e0 f i ConEmuCheck.obj
 0001:00005830       ?CloseMap@?$MFileMapping@UConEmuGuiMapping@@@@QAEXXZ 10006830 f i ConEmuCheck.obj
 0001:000058a0       ?Open@?$MFileMapping@UConEmuGuiMapping@@@@QAEPAUConEmuGuiMapping@@HH@Z 100068a0 f i ConEmuCheck.obj
 0001:000058c0       ??0?$MFileMapping@UConEmuGuiMapping@@@@QAE@XZ 100068c0 f i ConEmuCheck.obj
 0001:00005920       ??1?$MFileMapping@UConEmuGuiMapping@@@@QAE@XZ 10006920 f i ConEmuCheck.obj
 0001:00005940       ?ClosePtr@?$MFileMapping@UCESERVER_CONSOLE_MAPPING_HDR@@@@QAEXXZ 10006940 f i ConEmuCheck.obj
 0001:00005970       ?InternalOpenCreate@?$MFileMapping@UCESERVER_CONSOLE_MAPPING_HDR@@@@IAEPAUCESERVER_CONSOLE_MAPPING_HDR@@HHH@Z 10006970 f i ConEmuCheck.obj
 0001:00005b50       ?ClosePtr@?$MFileMapping@UConEmuGuiMapping@@@@QAEXXZ 10006b50 f i ConEmuCheck.obj
 0001:00005b80       ?InternalOpenCreate@?$MFileMapping@UConEmuGuiMapping@@@@IAEPAUConEmuGuiMapping@@HHH@Z 10006b80 f i ConEmuCheck.obj
 0001:00005d60       ??$wcscpy_c@$0CA@@@YIHAAY0CA@_WPB_W@Z 10006d60 f i ConEmuCheck.obj
 0001:00005d90       ??$wcscpy_c@$0CAI@@@YIHAAY0CAI@_WPB_W@Z 10006d90 f i ConEmuCheck.obj
 0001:00005dc0       ?LoadGuiMapping@@YIHPAUHWND__@@AAUConEmuGuiMapping@@@Z 10006dc0 f   ConEmuCheckEx.obj
 0001:00005e00       ?IsConEmuExeExist@@YIHPB_WAAY0BAF@_W@Z 10006e00 f   ConEmuCheckEx.obj
 0001:00005eb0       ?FindConEmuBaseDir@@YIHAAY0BAF@_W0PAUHINSTANCE__@@@Z 10006eb0 f   ConEmuCheckEx.obj
 0001:00006460       ??$wcscpy_c@$0BAF@@@YIHAAY0BAF@_WPB_W@Z 10007460 f i ConEmuCheckEx.obj
 0001:00006570       ??$wcscpy_add@$0BAF@@@YIHPA_WAAY0BAF@_WPB_W@Z 10007570 f i ConEmuCheckEx.obj
 0001:000065c0       ??$wcscat_c@$0BAF@@@YIHAAY0BAF@_WPB_W@Z 100075c0 f i ConEmuCheckEx.obj
 0001:000065f0       ?StringCchCatW@@YGJPA_WIPB_W@Z 100075f0 f i ConEmuCheckEx.obj
 0001:00006710       ?StartupHooks@@YI_NPAUHINSTANCE__@@@Z 10007710 f   ConEmuInjects.obj
 0001:00006ae0       ?ShutdownHooks@@YIXXZ      10007ae0 f   ConEmuInjects.obj
 0001:00006c90       ??$wcscpy_c@$0EA@@@YIHAAY0EA@_WPB_W@Z 10007c90 f i ConEmuInjects.obj
 0001:00006da0       _DllMain@12                10007da0 f   ConEmuPlugin.obj
 0001:00006de0       ?GetPluginInfo@@YGXPAX@Z   10007de0 f   ConEmuPlugin.obj
 0001:00006e50       ?GetPluginInfoW@@YGXPAX@Z  10007e50 f   ConEmuPlugin.obj
 0001:00006e80       ?IsConsoleActive@@YGHXZ    10007e80 f   ConEmuPlugin.obj
 0001:00006ee0       ?GetFarHWND2@@YGPAUHWND__@@H@Z 10007ee0 f   ConEmuPlugin.obj
 0001:00006f50       ?GetFarHWND@@YGPAUHWND__@@XZ 10007f50 f   ConEmuPlugin.obj
 0001:00006f60       ?IsTerminalMode@@YGHXZ     10007f60 f   ConEmuPlugin.obj
 0001:00006f70       ?GetFarVersion@@YGXPAUFarVersion@@@Z 10007f70 f   ConEmuPlugin.obj
 0001:00006fa0       ?RegisterPanelView@@YGHPAUPanelViewInit@@@Z 10007fa0 f   ConEmuPlugin.obj
 0001:00007190       ?RegisterBackground@@YGHPAURegisterBackgroundArg@@@Z 10008190 f   ConEmuPlugin.obj
 0001:00007220       ?SyncExecute@@YGHPAUHINSTANCE__@@P6GXJ@ZJ@Z 10008220 f   ConEmuPlugin.obj
 0001:00007270       ?ActivateConsole@@YGHXZ    10008270 f   ConEmuPlugin.obj
 0001:00007300       ??4HWND2@@QAEAAU0@PAUHWND__@@@Z 10008300 f i ConEmuPlugin.obj
 0001:00007320       ?SetStartupInfo@@YGXPAX@Z  10008320 f   ConEmuPlugin.obj
 0001:00007390       _SetStartupInfoW@4         10008390 f   ConEmuPlugin.obj
 0001:000073c0       ?GetMinFarVersion@@YGHXZ   100083c0 f   ConEmuPlugin.obj
 0001:00007410       _GetMinFarVersionW@0       10008410 f   ConEmuPlugin.obj
 0001:00007420       _ProcessSynchroEventW@8    10008420 f   ConEmuPlugin.obj
 0001:00007440       ?ProcessSynchroEventW3@@YGHPAX@Z 10008440 f   ConEmuPlugin.obj
 0001:00007470       ?ProcessEditorEvent@@YGHHPAX@Z 10008470 f   ConEmuPlugin.obj
 0001:00007490       _ProcessEditorEventW@8     10008490 f   ConEmuPlugin.obj
 0001:000074b0       ?ProcessEditorEventW3@@YGHPAX@Z 100084b0 f   ConEmuPlugin.obj
 0001:000074e0       ?ProcessViewerEvent@@YGHHPAX@Z 100084e0 f   ConEmuPlugin.obj
 0001:00007500       _ProcessViewerEventW@8     10008500 f   ConEmuPlugin.obj
 0001:00007520       ?ProcessViewerEventW3@@YGHPAX@Z 10008520 f   ConEmuPlugin.obj
 0001:00007550       ?ProcessEditorInput@@YGHPBU_INPUT_RECORD@@@Z 10008550 f   ConEmuPlugin.obj
 0001:00007570       _ProcessEditorInputW@4     10008570 f   ConEmuPlugin.obj
 0001:000075a0       ?OpenPlugin@@YGPAXHH@Z     100085a0 f   ConEmuPlugin.obj
 0001:000075c0       _OpenPluginW@8             100085c0 f   ConEmuPlugin.obj
 0001:00007600       ?OpenW@@YGPAXPBX@Z         10008600 f   ConEmuPlugin.obj
 0001:00007630       ?ExitFAR@@YGXXZ            10008630 f   ConEmuPlugin.obj
 0001:00007680       _ExitFARW@0                10008680 f   ConEmuPlugin.obj
 0001:000076d0       ?ExitFARW3@@YGXPAX@Z       100086d0 f   ConEmuPlugin.obj
 0001:00007730       ?SetupExportsFar3@@YIXXZ   10008730 f   ConEmuPlugin.obj
 0001:00007950       ?_calloc@@YIPAXII@Z        10008950 f   ConEmuPlugin.obj
 0001:00007970       ?_malloc@@YIPAXI@Z         10008970 f   ConEmuPlugin.obj
 0001:00007990       ?_free@@YIXPAX@Z           10008990 f   ConEmuPlugin.obj
 0001:000079b0       ??0CPluginW1900@@QAE@XZ    100089b0 f   ConEmuPlugin1900.obj
 0001:00007c40       ??_GCPluginW1900@@UAEPAXI@Z 10008c40 f i ConEmuPlugin1900.obj
 0001:00007c40       ??_ECPluginW1900@@UAEPAXI@Z 10008c40 f i ConEmuPlugin1900.obj
 0001:00007c70       ??1CPluginW1900@@UAE@XZ    10008c70 f i ConEmuPlugin1900.obj
 0001:00007c90       ?ProcessEditorEventPtr@CPluginW1900@@UAEHPAX@Z 10008c90 f   ConEmuPlugin1900.obj
 0001:00007cc0       ?ProcessViewerEventPtr@CPluginW1900@@UAEHPAX@Z 10008cc0 f   ConEmuPlugin1900.obj
 0001:00007cf0       ?ProcessSynchroEventPtr@CPluginW1900@@UAEHPAX@Z 10008cf0 f   ConEmuPlugin1900.obj
 0001:00007d20       ?GetPanelDir@CPluginW1900@@UAEPA_WKPA_WH@Z 10008d20 f   ConEmuPlugin1900.obj
 0001:00007eb0       ?GetPanelInfo@CPluginW1900@@UAE_NKPAUCEPanelInfo@@@Z 10008eb0 f   ConEmuPlugin1900.obj
 0001:00008330       ?GetPanelItemInfo@CPluginW1900@@UAE_NABUCEPanelInfo@@_NHAAU_WIN32_FIND_DATAW@@PAPA_W@Z 10009330 f   ConEmuPlugin1900.obj
 0001:00008560       ?PanelControlApi@CPluginW1900@@UAEHPAXHH0@Z 10009560 f   ConEmuPlugin1900.obj
 0001:000085b0       ?GetPluginInfoPtr@CPluginW1900@@UAEXPAX@Z 100095b0 f   ConEmuPlugin1900.obj
 0001:00008630       ?SetStartupInfoPtr@CPluginW1900@@UAEXPAX@Z 10009630 f   ConEmuPlugin1900.obj
 0001:000087a0       ?GetEditorModifiedState@CPluginW1900@@UAEKXZ 100097a0 f   ConEmuPlugin1900.obj
 0001:000087e0       ?ProcessEditorInputPtr@CPluginW1900@@UAEHPBX@Z 100097e0 f   ConEmuPlugin1900.obj
 0001:00008820       ?GetWindowCount@CPluginW1900@@UAEHXZ 10009820 f   ConEmuPlugin1900.obj
 0001:00008870       ?UpdateConEmuTabsApi@CPluginW1900@@UAE_NH@Z 10009870 f   ConEmuPlugin1900.obj
 0001:00008e50       ?ExitFar@CPluginW1900@@UAEXXZ 10009e50 f   ConEmuPlugin1900.obj
 0001:00008ee0       ?ShowMessage@CPluginW1900@@UAEHPB_WH_N@Z 10009ee0 f   ConEmuPlugin1900.obj
 0001:00008f90       ?GetMsg@CPluginW1900@@UAEPB_WHPA_WI@Z 10009f90 f   ConEmuPlugin1900.obj
 0001:00009010       ?SetWindow@CPluginW1900@@UAEXH@Z 1000a010 f   ConEmuPlugin1900.obj
 0001:00009070       ?PostMacroApi@CPluginW1900@@UAEXPB_WPAU_INPUT_RECORD@@_N@Z 1000a070 f   ConEmuPlugin1900.obj
 0001:000097c0       ?wcsstr@@YAPA_WPA_WPB_W@Z  1000a7c0 f i ConEmuPlugin1900.obj
 0001:000097e0       ?ShowPluginMenu@CPluginW1900@@UAEHPAUConEmuPluginMenuItem@@HH@Z 1000a7e0 f   ConEmuPlugin1900.obj
 0001:000099d0       ?OpenEditor@CPluginW1900@@UAE_NPB_W_N11HH@Z 1000a9d0 f   ConEmuPlugin1900.obj
 0001:00009b20       ?ExecuteSynchroApi@CPluginW1900@@UAE_NXZ 1000ab20 f   ConEmuPlugin1900.obj
 0001:00009b60       ?WaitEndSynchro@CPluginW1900@@UAEXXZ 1000ab60 f   ConEmuPlugin1900.obj
 0001:00009b70       ?StopWaitEndSynchro@CPluginW1900@@UAEXXZ 1000ab70 f   ConEmuPlugin1900.obj
 0001:00009b80       ?IsMacroActive@CPluginW1900@@UAE_NXZ 1000ab80 f   ConEmuPlugin1900.obj
 0001:00009bd0       ?GetMacroArea@CPluginW1900@@UAEHXZ 1000abd0 f   ConEmuPlugin1900.obj
 0001:00009c00       ?RedrawAll@CPluginW1900@@UAEXXZ 1000ac00 f   ConEmuPlugin1900.obj
 0001:00009c40       ?InputBox@CPluginW1900@@UAE_NPB_W000AAPA_W@Z 1000ac40 f   ConEmuPlugin1900.obj
 0001:00009cc0       ?ShowUserScreen@CPluginW1900@@UAEX_N@Z 1000acc0 f   ConEmuPlugin1900.obj
 0001:00009d10       ?LoadFarColors@CPluginW1900@@UAEXAAY0BAA@E@Z 1000ad10 f   ConEmuPlugin1900.obj
 0001:00009ed0       ?FarColor_3_2@@YIEABUFarColor@@@Z 1000aed0 f i ConEmuPlugin1900.obj
 0001:00009ff0       ?Color2FgIndex@Far3Color@@SIXKAAGPBK@Z 1000aff0 f i ConEmuPlugin1900.obj
 0001:0000a130       ?Max@Far3Color@@SIHHH@Z    1000b130 f i ConEmuPlugin1900.obj
 0001:0000a160       ?GetStdIndex@Far3Color@@SIHKPBK@Z 1000b160 f i ConEmuPlugin1900.obj
 0001:0000a1c0       ?GetStdPalette@Far3Color@@SIPBKXZ 1000b1c0 f i ConEmuPlugin1900.obj
 0001:0000a1d0       ?Color2BgIndex@Far3Color@@SIXKHAAGPBK@Z 1000b1d0 f i ConEmuPlugin1900.obj
 0001:0000a340       ?LoadFarSettings@CPluginW1900@@UAEXPAUCEFarInterfaceSettings@@PAUCEFarPanelSettings@@@Z 1000b340 f   ConEmuPlugin1900.obj
 0001:0000a550       ?GetFarRect@CPluginW1900@@UAE_NAAU_SMALL_RECT@@@Z 1000b550 f   ConEmuPlugin1900.obj
 0001:0000a5c0       ?CheckPanelExist@CPluginW1900@@UAE_NXZ 1000b5c0 f   ConEmuPlugin1900.obj
 0001:0000a610       ?GetActiveWindowType@CPluginW1900@@UAEHXZ 1000b610 f   ConEmuPlugin1900.obj
 0001:0000a6d0       ?GetWindowTypeName@CPluginW1900@@UAEPB_WH@Z 1000b6d0 f   ConEmuPlugin1900.obj
 0001:0000a760       ?GuiMacroDlg@CPluginW1900@@UAEXXZ 1000b760 f   ConEmuPlugin1900.obj
 0001:0000ad40       ?Open@CPluginW1900@@UAEPAXPBX@Z 1000bd40 f   ConEmuPlugin1900.obj
 0001:0000aee0       _GetGlobalInfoW@4          1000bee0 f   ConEmuPlugin2800.obj
 0001:0000b0c0       ??0CPluginW2800@@QAE@XZ    1000c0c0 f   ConEmuPlugin2800.obj
 0001:0000b350       ??_ECPluginW2800@@UAEPAXI@Z 1000c350 f i ConEmuPlugin2800.obj
 0001:0000b350       ??_GCPluginW2800@@UAEPAXI@Z 1000c350 f i ConEmuPlugin2800.obj
 0001:0000b380       ??1CPluginW2800@@UAE@XZ    1000c380 f i ConEmuPlugin2800.obj
 0001:0000b3a0       ?GetPanelDir@CPluginW2800@@UAEPA_WKPA_WH@Z 1000c3a0 f   ConEmuPlugin2800.obj
 0001:0000b530       ?GetPanelInfo@CPluginW2800@@UAE_NKPAUCEPanelInfo@@@Z 1000c530 f   ConEmuPlugin2800.obj
 0001:0000b9b0       ?GetPanelItemInfo@CPluginW2800@@UAE_NABUCEPanelInfo@@_NHAAU_WIN32_FIND_DATAW@@PAPA_W@Z 1000c9b0 f   ConEmuPlugin2800.obj
 0001:0000bbe0       ?PanelControlApi@CPluginW2800@@UAEHPAXHH0@Z 1000cbe0 f   ConEmuPlugin2800.obj
 0001:0000bc30       ?GetPluginInfoPtr@CPluginW2800@@UAEXPAX@Z 1000cc30 f   ConEmuPlugin2800.obj
 0001:0000bcb0       ?SetStartupInfoPtr@CPluginW2800@@UAEXPAX@Z 1000ccb0 f   ConEmuPlugin2800.obj
 0001:0000be20       ?GetEditorModifiedState@CPluginW2800@@UAEKXZ 1000ce20 f   ConEmuPlugin2800.obj
 0001:0000be60       ?ProcessEditorEventPtr@CPluginW2800@@UAEHPAX@Z 1000ce60 f   ConEmuPlugin2800.obj
 0001:0000be90       ?ProcessViewerEventPtr@CPluginW2800@@UAEHPAX@Z 1000ce90 f   ConEmuPlugin2800.obj
 0001:0000bec0       ?ProcessSynchroEventPtr@CPluginW2800@@UAEHPAX@Z 1000cec0 f   ConEmuPlugin2800.obj
 0001:0000bef0       ?ProcessEditorInputPtr@CPluginW2800@@UAEHPBX@Z 1000cef0 f   ConEmuPlugin2800.obj
 0001:0000bf30       ?GetWindowCount@CPluginW2800@@UAEHXZ 1000cf30 f   ConEmuPlugin2800.obj
 0001:0000bf80       ?UpdateConEmuTabsApi@CPluginW2800@@UAE_NH@Z 1000cf80 f   ConEmuPlugin2800.obj
 0001:0000c800       ?ExitFar@CPluginW2800@@UAEXXZ 1000d800 f   ConEmuPlugin2800.obj
 0001:0000c890       ?ShowMessage@CPluginW2800@@UAEHPB_WH_N@Z 1000d890 f   ConEmuPlugin2800.obj
 0001:0000c940       ?GetMsg@CPluginW2800@@UAEPB_WHPA_WI@Z 1000d940 f   ConEmuPlugin2800.obj
 0001:0000c9c0       ?SetWindow@CPluginW2800@@UAEXH@Z 1000d9c0 f   ConEmuPlugin2800.obj
 0001:0000cab0       ?PostMacroApi@CPluginW2800@@UAEXPB_WPAU_INPUT_RECORD@@_N@Z 1000dab0 f   ConEmuPlugin2800.obj
 0001:0000ce60       ?ShowPluginMenu@CPluginW2800@@UAEHPAUConEmuPluginMenuItem@@HH@Z 1000de60 f   ConEmuPlugin2800.obj
 0001:0000d050       ?OpenEditor@CPluginW2800@@UAE_NPB_W_N11HH@Z 1000e050 f   ConEmuPlugin2800.obj
 0001:0000d1a0       ?ExecuteSynchroApi@CPluginW2800@@UAE_NXZ 1000e1a0 f   ConEmuPlugin2800.obj
 0001:0000d1e0       ?WaitEndSynchro@CPluginW2800@@UAEXXZ 1000e1e0 f   ConEmuPlugin2800.obj
 0001:0000d1f0       ?StopWaitEndSynchro@CPluginW2800@@UAEXXZ 1000e1f0 f   ConEmuPlugin2800.obj
 0001:0000d200       ?IsMacroActive@CPluginW2800@@UAE_NXZ 1000e200 f   ConEmuPlugin2800.obj
 0001:0000d250       ?GetMacroArea@CPluginW2800@@UAEHXZ 1000e250 f   ConEmuPlugin2800.obj
 0001:0000d280       ?RedrawAll@CPluginW2800@@UAEXXZ 1000e280 f   ConEmuPlugin2800.obj
 0001:0000d2c0       ?InputBox@CPluginW2800@@UAE_NPB_W000AAPA_W@Z 1000e2c0 f   ConEmuPlugin2800.obj
 0001:0000d340       ?ShowUserScreen@CPluginW2800@@UAEX_N@Z 1000e340 f   ConEmuPlugin2800.obj
 0001:0000d390       ?LoadFarColors@CPluginW2800@@UAEXAAY0BAA@E@Z 1000e390 f   ConEmuPlugin2800.obj
 0001:0000d550       ?LoadFarSettings@CPluginW2800@@UAEXPAUCEFarInterfaceSettings@@PAUCEFarPanelSettings@@@Z 1000e550 f   ConEmuPlugin2800.obj
 0001:0000d760       ?GetFarRect@CPluginW2800@@UAE_NAAU_SMALL_RECT@@@Z 1000e760 f   ConEmuPlugin2800.obj
 0001:0000d7d0       ?CheckPanelExist@CPluginW2800@@UAE_NXZ 1000e7d0 f   ConEmuPlugin2800.obj
 0001:0000d820       ?GetActiveWindowType@CPluginW2800@@UAEHXZ 1000e820 f   ConEmuPlugin2800.obj
 0001:0000d8f0       ?GetWindowTypeName@CPluginW2800@@UAEPB_WH@Z 1000e8f0 f   ConEmuPlugin2800.obj
 0001:0000d980       ?GuiMacroDlg@CPluginW2800@@UAEXXZ 1000e980 f   ConEmuPlugin2800.obj
 0001:0000def0       ?Open@CPluginW2800@@UAEPAXPBX@Z 1000eef0 f   ConEmuPlugin2800.obj
 0001:0000e120       ??0FarMacroValue@@QAE@XZ   1000f120 f i ConEmuPlugin2800.obj
 0001:0000e160       ??0?$MArray@UWindowInfo@@@@QAE@XZ 1000f160 f i ConEmuPlugin2800.obj
 0001:0000e1a0       ??1?$MArray@UWindowInfo@@@@QAE@XZ 1000f1a0 f i ConEmuPlugin2800.obj
 0001:0000e1c0       ??A?$MArray@UWindowInfo@@@@QBEABUWindowInfo@@H@Z 1000f1c0 f i ConEmuPlugin2800.obj
 0001:0000e1e0       ??A?$MArray@UWindowInfo@@@@QAEAAUWindowInfo@@H@Z 1000f1e0 f i ConEmuPlugin2800.obj
 0001:0000e200       ?push_back@?$MArray@UWindowInfo@@@@QAEHABUWindowInfo@@@Z 1000f200 f i ConEmuPlugin2800.obj
 0001:0000e290       ?insert@?$MArray@UWindowInfo@@@@QAEXHABUWindowInfo@@@Z 1000f290 f i ConEmuPlugin2800.obj
 0001:0000e370       ?clear@?$MArray@UWindowInfo@@@@QAEXXZ 1000f370 f i ConEmuPlugin2800.obj
 0001:0000e3c0       ?erase@?$MArray@UWindowInfo@@@@QAEXH@Z 1000f3c0 f i ConEmuPlugin2800.obj
 0001:0000e450       ?size@?$MArray@UWindowInfo@@@@QBEHXZ 1000f450 f i ConEmuPlugin2800.obj
 0001:0000e470       ?addsize@?$MArray@UWindowInfo@@@@QAEXH@Z 1000f470 f i ConEmuPlugin2800.obj
 0001:0000e560       ??0CPluginW995@@QAE@XZ     1000f560 f   ConEmuPlugin995.obj
 0001:0000e7f0       ?Open@CPluginW995@@UAEPAXPBX@Z 1000f7f0 f i ConEmuPlugin995.obj
 0001:0000e810       ?ProcessEditorEventPtr@CPluginW995@@UAEHPAX@Z 1000f810 f i ConEmuPlugin995.obj
 0001:0000e820       ?ProcessSynchroEventPtr@CPluginW995@@UAEHPAX@Z 1000f820 f i ConEmuPlugin995.obj
 0001:0000e830       ?ProcessViewerEventPtr@CPluginW995@@UAEHPAX@Z 1000f830 f i ConEmuPlugin995.obj
 0001:0000e840       ??_GCPluginW995@@UAEPAXI@Z 1000f840 f i ConEmuPlugin995.obj
 0001:0000e840       ??_ECPluginW995@@UAEPAXI@Z 1000f840 f i ConEmuPlugin995.obj
 0001:0000e870       ??1CPluginW995@@UAE@XZ     1000f870 f i ConEmuPlugin995.obj
 0001:0000e890       ?GetPanelDir@CPluginW995@@UAEPA_WKPA_WH@Z 1000f890 f   ConEmuPlugin995.obj
 0001:0000e9c0       ?GetPanelInfo@CPluginW995@@UAE_NKPAUCEPanelInfo@@@Z 1000f9c0 f   ConEmuPlugin995.obj
 0001:0000eca0       ?GetPanelItemInfo@CPluginW995@@UAE_NABUCEPanelInfo@@_NHAAU_WIN32_FIND_DATAW@@PAPA_W@Z 1000fca0 f   ConEmuPlugin995.obj
 0001:0000eeb0       ?PanelControlApi@CPluginW995@@UAEHPAXHH0@Z 1000feb0 f   ConEmuPlugin995.obj
 0001:0000ef00       ?GetPluginInfoPtr@CPluginW995@@UAEXPAX@Z 1000ff00 f   ConEmuPlugin995.obj
 0001:0000efa0       ?SetStartupInfoPtr@CPluginW995@@UAEXPAX@Z 1000ffa0 f   ConEmuPlugin995.obj
 0001:0000f150       ?GetEditorModifiedState@CPluginW995@@UAEKXZ 10010150 f   ConEmuPlugin995.obj
 0001:0000f190       ?ProcessEditorInputPtr@CPluginW995@@UAEHPBX@Z 10010190 f   ConEmuPlugin995.obj
 0001:0000f1c0       ?GetWindowCount@CPluginW995@@UAEHXZ 100101c0 f   ConEmuPlugin995.obj
 0001:0000f210       ?UpdateConEmuTabsApi@CPluginW995@@UAE_NH@Z 10010210 f   ConEmuPlugin995.obj
 0001:0000f4f0       ?ExitFar@CPluginW995@@UAEXXZ 100104f0 f   ConEmuPlugin995.obj
 0001:0000f580       ?ShowMessage@CPluginW995@@UAEHPB_WH_N@Z 10010580 f   ConEmuPlugin995.obj
 0001:0000f600       ?GetMsg@CPluginW995@@UAEPB_WHPA_WI@Z 10010600 f   ConEmuPlugin995.obj
 0001:0000f680       ?SetWindow@CPluginW995@@UAEXH@Z 10010680 f   ConEmuPlugin995.obj
 0001:0000f6e0       ?PostMacroApi@CPluginW995@@UAEXPB_WPAU_INPUT_RECORD@@_N@Z 100106e0 f   ConEmuPlugin995.obj
 0001:0000f7b0       ?ShowPluginMenu@CPluginW995@@UAEHPAUConEmuPluginMenuItem@@HH@Z 100107b0 f   ConEmuPlugin995.obj
 0001:0000f940       ?OpenEditor@CPluginW995@@UAE_NPB_W_N11HH@Z 10010940 f   ConEmuPlugin995.obj
 0001:0000fa60       ?ExecuteSynchroApi@CPluginW995@@UAE_NXZ 10010a60 f   ConEmuPlugin995.obj
 0001:0000faa0       ?WaitEndSynchro@CPluginW995@@UAEXXZ 10010aa0 f   ConEmuPlugin995.obj
 0001:0000fc50       ?StopWaitEndSynchro@CPluginW995@@UAEXXZ 10010c50 f   ConEmuPlugin995.obj
 0001:0000fc80       ?IsMacroActive@CPluginW995@@UAE_NXZ 10010c80 f   ConEmuPlugin995.obj
 0001:0000fce0       ?GetMacroArea@CPluginW995@@UAEHXZ 10010ce0 f   ConEmuPlugin995.obj
 0001:0000fd20       ?RedrawAll@CPluginW995@@UAEXXZ 10010d20 f   ConEmuPlugin995.obj
 0001:0000fd60       ?InputBox@CPluginW995@@UAE_NPB_W000AAPA_W@Z 10010d60 f   ConEmuPlugin995.obj
 0001:0000fdd0       ?ShowUserScreen@CPluginW995@@UAEX_N@Z 10010dd0 f   ConEmuPlugin995.obj
 0001:0000fe20       ?LoadFarColors@CPluginW995@@UAEXAAY0BAA@E@Z 10010e20 f   ConEmuPlugin995.obj
 0001:0000ff00       ?LoadFarSettings@CPluginW995@@UAEXPAUCEFarInterfaceSettings@@PAUCEFarPanelSettings@@@Z 10010f00 f   ConEmuPlugin995.obj
 0001:0000ff70       ?GetFarRect@CPluginW995@@UAE_NAAU_SMALL_RECT@@@Z 10010f70 f   ConEmuPlugin995.obj
 0001:0000ffe0       ?CheckPanelExist@CPluginW995@@UAE_NXZ 10010fe0 f   ConEmuPlugin995.obj
 0001:00010030       ?GetActiveWindowType@CPluginW995@@UAEHXZ 10011030 f   ConEmuPlugin995.obj
 0001:00010100       ?GetWindowTypeName@CPluginW995@@UAEPB_WH@Z 10011100 f   ConEmuPlugin995.obj
 0001:00010190       ?GuiMacroDlg@CPluginW995@@UAEXXZ 10011190 f   ConEmuPlugin995.obj
 0001:000106e0       ??0CPluginAnsi@@QAE@XZ     100116e0 f   ConEmuPluginA.obj
 0001:00010950       ?ExecuteSynchroApi@CPluginAnsi@@UAE_NXZ 10011950 f i ConEmuPluginA.obj
 0001:00010960       ?GetFarRect@CPluginAnsi@@UAE_NAAU_SMALL_RECT@@@Z 10011960 f i ConEmuPluginA.obj
 0001:00010970       ?Open@CPluginAnsi@@UAEPAXPBX@Z 10011970 f i ConEmuPluginA.obj
 0001:00010990       ?ProcessEditorEventPtr@CPluginAnsi@@UAEHPAX@Z 10011990 f i ConEmuPluginA.obj
 0001:000109a0       ?ProcessEditorInputPtr@CPluginAnsi@@UAEHPBX@Z 100119a0 f i ConEmuPluginA.obj
 0001:000109b0       ?ProcessSynchroEventPtr@CPluginAnsi@@UAEHPAX@Z 100119b0 f i ConEmuPluginA.obj
 0001:000109c0       ?ProcessViewerEventPtr@CPluginAnsi@@UAEHPAX@Z 100119c0 f i ConEmuPluginA.obj
 0001:000109d0       ?StopWaitEndSynchro@CPluginAnsi@@UAEXXZ 100119d0 f i ConEmuPluginA.obj
 0001:000109e0       ?WaitEndSynchro@CPluginAnsi@@UAEXXZ 100119e0 f i ConEmuPluginA.obj
 0001:000109f0       ??_GCPluginAnsi@@UAEPAXI@Z 100119f0 f i ConEmuPluginA.obj
 0001:000109f0       ??_ECPluginAnsi@@UAEPAXI@Z 100119f0 f i ConEmuPluginA.obj
 0001:00010a20       ??1CPluginAnsi@@UAE@XZ     10011a20 f i ConEmuPluginA.obj
 0001:00010a40       ?GetPanelDir@CPluginAnsi@@UAEPA_WKPA_WH@Z 10011a40 f   ConEmuPluginA.obj
 0001:00010b40       ?GetPanelInfo@CPluginAnsi@@UAE_NKPAUCEPanelInfo@@@Z 10011b40 f   ConEmuPluginA.obj
 0001:00010e20       ?GetPanelItemInfo@CPluginAnsi@@UAE_NABUCEPanelInfo@@_NHAAU_WIN32_FIND_DATAW@@PAPA_W@Z 10011e20 f   ConEmuPluginA.obj
 0001:00010fa0       ?PanelControlApi@CPluginAnsi@@UAEHPAXHH0@Z 10011fa0 f   ConEmuPluginA.obj
 0001:00010ff0       ?SetStartupInfoPtr@CPluginAnsi@@UAEXPAX@Z 10011ff0 f   ConEmuPluginA.obj
 0001:000111b0       ?GetPluginInfoPtr@CPluginAnsi@@UAEXPAX@Z 100121b0 f   ConEmuPluginA.obj
 0001:00011260       ?GetEditorModifiedState@CPluginAnsi@@UAEKXZ 10012260 f   ConEmuPluginA.obj
 0001:000112a0       ?GetWindowCount@CPluginAnsi@@UAEHXZ 100122a0 f   ConEmuPluginA.obj
 0001:000112f0       ?UpdateConEmuTabsApi@CPluginAnsi@@UAE_NH@Z 100122f0 f   ConEmuPluginA.obj
 0001:000115b0       ?ExitFar@CPluginAnsi@@UAEXXZ 100125b0 f   ConEmuPluginA.obj
 0001:00011610       ?SetWindow@CPluginAnsi@@UAEXH@Z 10012610 f   ConEmuPluginA.obj
 0001:00011680       ?PostMacroApi@CPluginAnsi@@UAEXPB_WPAU_INPUT_RECORD@@_N@Z 10012680 f   ConEmuPluginA.obj
 0001:00011770       ?ShowPluginMenu@CPluginAnsi@@UAEHPAUConEmuPluginMenuItem@@HH@Z 10012770 f   ConEmuPluginA.obj
 0001:00011960       ?OpenEditor@CPluginAnsi@@UAE_NPB_W_N11HH@Z 10012960 f   ConEmuPluginA.obj
 0001:00011ac0       ?ShowMessage@CPluginAnsi@@UAEHPB_WH_N@Z 10012ac0 f   ConEmuPluginA.obj
 0001:00011b90       ?GetMsg@CPluginAnsi@@UAEPB_WHPA_WI@Z 10012b90 f   ConEmuPluginA.obj
 0001:00011c50       ?IsMacroActive@CPluginAnsi@@UAE_NXZ 10012c50 f   ConEmuPluginA.obj
 0001:00011cc0       ?GetMacroArea@CPluginAnsi@@UAEHXZ 10012cc0 f   ConEmuPluginA.obj
 0001:00011cd0       ?RedrawAll@CPluginAnsi@@UAEXXZ 10012cd0 f   ConEmuPluginA.obj
 0001:00011d10       ?InputBox@CPluginAnsi@@UAE_NPB_W000AAPA_W@Z 10012d10 f   ConEmuPluginA.obj
 0001:00011e40       ?ShowUserScreen@CPluginAnsi@@UAEX_N@Z 10012e40 f   ConEmuPluginA.obj
 0001:00011e90       ?LoadFarColors@CPluginAnsi@@UAEXAAY0BAA@E@Z 10012e90 f   ConEmuPluginA.obj
 0001:00011f80       ?LoadFarSettings@CPluginAnsi@@UAEXPAUCEFarInterfaceSettings@@PAUCEFarPanelSettings@@@Z 10012f80 f   ConEmuPluginA.obj
 0001:00011ff0       ?CheckPanelExist@CPluginAnsi@@UAE_NXZ 10012ff0 f   ConEmuPluginA.obj
 0001:00012040       ?GetActiveWindowType@CPluginAnsi@@UAEHXZ 10013040 f   ConEmuPluginA.obj
 0001:000120c0       ?GetWindowTypeName@CPluginAnsi@@UAEPB_WH@Z 100130c0 f   ConEmuPluginA.obj
 0001:00012150       ?GuiMacroDlg@CPluginAnsi@@UAEXXZ 10013150 f   ConEmuPluginA.obj
 0001:000127a0       ?Plugin@@YIPAVCPluginBase@@XZ 100137a0 f   ConEmuPluginBase.obj
 0001:000128d0       ??0CPluginBase@@QAE@XZ     100138d0 f   ConEmuPluginBase.obj
 0001:00012b80       ??_ECPluginBase@@UAEPAXI@Z 10013b80 f i ConEmuPluginBase.obj
 0001:00012b80       ??_GCPluginBase@@UAEPAXI@Z 10013b80 f i ConEmuPluginBase.obj
 0001:00012bb0       ??1CPluginBase@@UAE@XZ     10013bb0 f   ConEmuPluginBase.obj
 0001:00012bd0       ?DllMain_ProcessAttach@CPluginBase@@KIXPAUHINSTANCE__@@@Z 10013bd0 f   ConEmuPluginBase.obj
 0001:00012cf0       ?DllMain_ProcessDetach@CPluginBase@@KIXXZ 10013cf0 f   ConEmuPluginBase.obj
 0001:00012e60       ??_GMSection@@QAEPAXI@Z    10013e60 f i ConEmuPluginBase.obj
 0001:00012e90       ??_GCPluginBackground@@QAEPAXI@Z 10013e90 f i ConEmuPluginBase.obj
 0001:00012ec0       ?DllCheckUnique@CPluginBase@@KI_N_N@Z 10013ec0 f   ConEmuPluginBase.obj
 0001:00013110       ?LoadFarVersion@CPluginBase@@SI_NXZ 10014110 f   ConEmuPluginBase.obj
 0001:00013750       ?ShowMessageBox@CPluginBase@@KIHPB_WI@Z 10014750 f   ConEmuPluginBase.obj
 0001:00013810       ?ShowMessageGui@CPluginBase@@QAEHHH@Z 10014810 f   ConEmuPluginBase.obj
 0001:000138a0       ?BackgroundMacroError@CPluginBase@@SGKPAX@Z 100148a0 f   ConEmuPluginBase.obj
 0001:000138e0       ?PostMacro@CPluginBase@@QAEXPB_WPAU_INPUT_RECORD@@_N@Z 100148e0 f   ConEmuPluginBase.obj
 0001:000139a0       ?isMacroActive@CPluginBase@@QAE_NAAH@Z 100149a0 f   ConEmuPluginBase.obj
 0001:000139f0       ?CheckBufferEnabled@CPluginBase@@QAE_NXZ 100149f0 f   ConEmuPluginBase.obj
 0001:00013a80       ?PanelControl@CPluginBase@@QAEHPAXHH0@Z 10014a80 f   ConEmuPluginBase.obj
 0001:00013b30       ?GetPanelInfo@CPluginBase@@QAE_NKPAUBkPanelInfo@@@Z 10014b30 f   ConEmuPluginBase.obj
 0001:00013bd0       ?FillUpdateBackground@CPluginBase@@QAEXPAUPaintBackgroundArg@@@Z 10014bd0 f   ConEmuPluginBase.obj
 0001:00013da0       ?StorePanelDirs@CPluginBase@@QAE_NPB_W0@Z 10014da0 f   ConEmuPluginBase.obj
 0001:00013f50       ?UpdatePanelDirs@CPluginBase@@QAEXXZ 10014f50 f   ConEmuPluginBase.obj
 0001:00014150       ?IsFarLua@FarVersion@@QBE_NXZ 10015150 f i ConEmuPluginBase.obj
 0001:000141a0       ?RunExternalProgram@CPluginBase@@QAE_NPA_W@Z 100151a0 f   ConEmuPluginBase.obj
 0001:00014390       ?ProcessCommandLine@CPluginBase@@QAE_NPA_W@Z 10015390 f   ConEmuPluginBase.obj
 0001:000143d0       ?ShowPluginMenu@CPluginBase@@QAEXW4PluginCallCommands@@@Z 100153d0 f   ConEmuPluginBase.obj
 0001:00014680       ?ShowTabsList@CPluginBase@@QAEXXZ 10015680 f   ConEmuPluginBase.obj
 0001:00014a50       ?ShowPanelsList@CPluginBase@@QAEXXZ 10015a50 f   ConEmuPluginBase.obj
 0001:00014bd0       ?DataSize@CESERVER_REQ@@QAEKXZ 10015bd0 f i ConEmuPluginBase.obj
 0001:00014c10       ?EditViewConsoleOutput@CPluginBase@@QAEX_N@Z 10015c10 f   ConEmuPluginBase.obj
 0001:00014cd0       ?SwitchTabCommand@CPluginBase@@QAEXW4PluginMenuCommands@@@Z 10015cd0 f   ConEmuPluginBase.obj
 0001:00014d90       ?ProcessSynchroEvent@CPluginBase@@QAEHHPAX@Z 10015d90 f   ConEmuPluginBase.obj
 0001:00014e40       ?ProcessEditorInputInternal@CPluginBase@@QAEXABU_INPUT_RECORD@@@Z 10015e40 f   ConEmuPluginBase.obj
 0001:00014ea0       ?ProcessEditorViewerEvent@CPluginBase@@QAEHHH@Z 10015ea0 f   ConEmuPluginBase.obj
 0001:00014fb0       ?isEditorViewer@CPluginBase@@QAE_NXZ 10015fb0 f   ConEmuPluginBase.obj
 0001:00015000       ?isModalEditorViewer@CPluginBase@@QAE_NXZ 10016000 f   ConEmuPluginBase.obj
 0001:00015050       ?GetMainThreadId@CPluginBase@@SIKXZ 10016050 f   ConEmuPluginBase.obj
 0001:000150f0       ?ShowConsoleInfo@CPluginBase@@QAEXXZ 100160f0 f   ConEmuPluginBase.obj
 0001:00015270       ?RunExternalProgramW@CPluginBase@@SI_NPA_W0_N@Z 10016270 f   ConEmuPluginBase.obj
 0001:000154e0       ?StartDebugger@CPluginBase@@QAE_NXZ 100164e0 f   ConEmuPluginBase.obj
 0001:00015810       ?Attach2Gui@CPluginBase@@QAE_NXZ 10016810 f   ConEmuPluginBase.obj
 0001:00015cd0       ?FindServerCmd@CPluginBase@@QAE_NKAAK_N@Z 10016cd0 f   ConEmuPluginBase.obj
 0001:00015dc0       ?ShowMessage@CPluginBase@@QAEHHH@Z 10016dc0 f   ConEmuPluginBase.obj
 0001:00015e40       ?OutDataAlloc@CPluginBase@@SI_NK@Z 10016e40 f   ConEmuPluginBase.obj
 0001:00015eb0       ?OutDataRealloc@CPluginBase@@SI_NK@Z 10016eb0 f   ConEmuPluginBase.obj
 0001:00015f90       ?OutDataWrite@CPluginBase@@SI_NPAXK@Z 10016f90 f   ConEmuPluginBase.obj
 0001:00016060       ?CreateTabs@CPluginBase@@SI_NH@Z 10017060 f   ConEmuPluginBase.obj
 0001:00016130       ?AddTab@CPluginBase@@QAE_NAAHH_N1HPB_W2HHHH@Z 10017130 f   ConEmuPluginBase.obj
 0001:00016540       _wmemcmp                   10017540 f i ConEmuPluginBase.obj
 0001:000165a0       ?AddTabFinish@CPluginBase@@QAEXH@Z 100175a0 f   ConEmuPluginBase.obj
 0001:000165c0       ?SendTabs@CPluginBase@@SIXH_N@Z 100175c0 f   ConEmuPluginBase.obj
 0001:000167b0       ?CloseTabs@CPluginBase@@SIXXZ 100177b0 f   ConEmuPluginBase.obj
 0001:00016840       ?UpdateConEmuTabs@CPluginBase@@QAE_N_N@Z 10017840 f   ConEmuPluginBase.obj
 0001:00016b50       ?ShowProtocolWarning@CPluginBase@@KIXXZ 10017b50 f   ConEmuPluginBase.obj
 0001:00016cc0       ?CheckResources@CPluginBase@@QAEX_N@Z 10017cc0 f   ConEmuPluginBase.obj
 0001:00016e80       ?InitResources@CPluginBase@@QAEXXZ 10017e80 f   ConEmuPluginBase.obj
 0001:000170e0       ?CloseMapHeader@CPluginBase@@SIXXZ 100180e0 f   ConEmuPluginBase.obj
 0001:00017110       ?OpenMapHeader@CPluginBase@@SIHXZ 10018110 f   ConEmuPluginBase.obj
 0001:00017230       ?InitRootRegKey@CPluginBase@@IAEXXZ 10018230 f   ConEmuPluginBase.obj
 0001:00017360       ?SetRootRegKey@CPluginBase@@IAEXPA_W@Z 10018360 f   ConEmuPluginBase.obj
 0001:00017460       ?LoadPanelTabsFromRegistry@CPluginBase@@IAEXXZ 10018460 f   ConEmuPluginBase.obj
 0001:00017570       ?InitHWND@CPluginBase@@SIXXZ 10018570 f   ConEmuPluginBase.obj
 0001:00017810       ?CheckConEmuDetached@CPluginBase@@SIXXZ 10018810 f   ConEmuPluginBase.obj
 0001:000178b0       ?EmergencyShow@CPluginBase@@KIXXZ 100188b0 f   ConEmuPluginBase.obj
 0001:00017910       ?MonitorThreadProcW@CPluginBase@@SGKPAX@Z 10018910 f   ConEmuPluginBase.obj
 0001:00017dd0       ?OpenPluginCommon@CPluginBase@@QAEPAXHH_N@Z 10018dd0 f   ConEmuPluginBase.obj
 0001:00018160       ?ExitFarCommon@CPluginBase@@QAEX_N@Z 10019160 f   ConEmuPluginBase.obj
 0001:000181b0       ?OnMainThreadActivated@CPluginBase@@QAEXXZ 100191b0 f   ConEmuPluginBase.obj
 0001:00018380       ?ProcessSetWindowCommand@CPluginBase@@QAEXXZ 10019380 f   ConEmuPluginBase.obj
 0001:000184c0       ?CommonPluginStartup@CPluginBase@@QAEXXZ 100194c0 f   ConEmuPluginBase.obj
 0001:000185e0       ?StopThread@CPluginBase@@QAEX_N@Z 100195e0 f   ConEmuPluginBase.obj
 0001:00018950       ??_G?$MFileMapping@UCESERVER_CONSOLE_MAPPING_HDR@@@@QAEPAXI@Z 10019950 f i ConEmuPluginBase.obj
 0001:00018980       ?ShutdownPluginStep@CPluginBase@@SIXPB_WHHHH@Z 10019980 f   ConEmuPluginBase.obj
 0001:000189a0       ?ExecuteSynchro@CPluginBase@@QAEXXZ 100199a0 f   ConEmuPluginBase.obj
 0001:00018a60       ?WaitPluginActivation@CPluginBase@@SIKKPAPAXHK@Z 10019a60 f   ConEmuPluginBase.obj
 0001:00018bc0       ?ActivatePlugin@CPluginBase@@QAE_NKPAXK@Z 10019bc0 f   ConEmuPluginBase.obj
 0001:00018e50       ?cmd_OpenEditorLine@CPluginBase@@QAE_NPAUCESERVER_REQ_FAREDITOR@@@Z 10019e50 f   ConEmuPluginBase.obj
 0001:00018f40       ?cmd_RedrawFarCall@CPluginBase@@QAE_NAAPAUCESERVER_REQ@@PAPAU2@@Z 10019f40 f   ConEmuPluginBase.obj
 0001:00018ff0       ?cmd_SetWindow@CPluginBase@@QAE_NPAX_N@Z 10019ff0 f   ConEmuPluginBase.obj
 0001:000190b0       ?cmd_LeftClickSync@CPluginBase@@QAEXPAX@Z 1001a0b0 f   ConEmuPluginBase.obj
 0001:000191e0       ?cmd_CloseQSearch@CPluginBase@@QAEXXZ 1001a1e0 f   ConEmuPluginBase.obj
 0001:00019220       ?cmd_EMenu@CPluginBase@@QAEXPAX@Z 1001a220 f   ConEmuPluginBase.obj
 0001:000192f0       ?cmd_ExternalCallback@CPluginBase@@QAE_NPAX@Z 1001a2f0 f   ConEmuPluginBase.obj
 0001:00019370       ?cmd_ConSetFont@CPluginBase@@QAEXPAX@Z 1001a370 f   ConEmuPluginBase.obj
 0001:000193c0       ?cmd_GuiChanged@CPluginBase@@QAEXPAX@Z 1001a3c0 f   ConEmuPluginBase.obj
 0001:000194a0       ?ProcessCommand@CPluginBase@@QAE_NKHPAXPAPAUCESERVER_REQ@@_N@Z 1001a4a0 f   ConEmuPluginBase.obj
 0001:000199d0       ?FarSetConsoleSize@CPluginBase@@SI_NFF@Z 1001a9d0 f   ConEmuPluginBase.obj
 0001:00019af0       ?ReloadFarInfoApi@CPluginBase@@IAE_NXZ 1001aaf0 f   ConEmuPluginBase.obj
 0001:00019d30       ?ReloadFarInfo@CPluginBase@@QAE_N_N@Z 1001ad30 f   ConEmuPluginBase.obj
 0001:0001a000       ?pcc_Selected@CPluginBase@@SI_NW4PluginMenuCommands@@@Z 1001b000 f   ConEmuPluginBase.obj
 0001:0001a070       ?pcc_Disabled@CPluginBase@@SI_NW4PluginMenuCommands@@@Z 1001b070 f   ConEmuPluginBase.obj
 0001:0001a120       ?TouchReadPeekConsoleInputs@CPluginBase@@SIXH@Z 1001b120 f   ConEmuPluginBase.obj
 0001:0001a180       ?OnConsolePeekReadInput@CPluginBase@@SIX_N@Z 1001b180 f   ConEmuPluginBase.obj
 0001:0001a380       ?ActiveServerPID@CESERVER_CONSOLE_MAPPING_HDR@@QBEKXZ 1001b380 f i ConEmuPluginBase.obj
 0001:0001a3c0       ?UngetDummyMouseEvent@CPluginBase@@SI_N_NPAUHookCallbackArg@@@Z 1001b3c0 f   ConEmuPluginBase.obj
 0001:0001a5f0       ??4HANDLE2@@QAEAAU0@PAX@Z  1001b5f0 f i ConEmuPluginBase.obj
 0001:0001a610       ?FillLoadedParm@CPluginBase@@SIXPAUConEmuLoadedArg@@PAUHINSTANCE__@@H@Z 1001b610 f   ConEmuPluginBase.obj
 0001:0001a6f0       ?NotifyConEmuUnloaded@CPluginBase@@SIXXZ 1001b6f0 f   ConEmuPluginBase.obj
 0001:0001a830       ?OnPanelViewCallbacks@CPluginBase@@SI_NPAUHookCallbackArg@@P6GHPAXPAU_INPUT_RECORD@@KPAKPAH@Z5@Z 1001b830 f   ConEmuPluginBase.obj
 0001:0001a910       ?OnShellExecuteExW_Except@CPluginBase@@SGXPAUHookCallbackArg@@@Z 1001b910 f   ConEmuPluginBase.obj
 0001:0001a950       ?OnGetNumberOfConsoleInputEventsPost@CPluginBase@@SGXPAUHookCallbackArg@@@Z 1001b950 f   ConEmuPluginBase.obj
 0001:0001a990       ?OnConsolePeekInput@CPluginBase@@SGHPAUHookCallbackArg@@@Z 1001b990 f   ConEmuPluginBase.obj
 0001:0001aa10       ?OnConsolePeekInputPost@CPluginBase@@SGXPAUHookCallbackArg@@@Z 1001ba10 f   ConEmuPluginBase.obj
 0001:0001aa50       ?OnConsoleReadInputWork@CPluginBase@@SIHPAUHookCallbackArg@@@Z 1001ba50 f   ConEmuPluginBase.obj
 0001:0001aaf0       ?OnConsoleReadInput@CPluginBase@@SGHPAUHookCallbackArg@@@Z 1001baf0 f   ConEmuPluginBase.obj
 0001:0001ab00       ?OnConsoleReadInputPost@CPluginBase@@SGXPAUHookCallbackArg@@@Z 1001bb00 f   ConEmuPluginBase.obj
 0001:0001ad40       ?OnWriteConsoleOutput@CPluginBase@@SGHPAUHookCallbackArg@@@Z 1001bd40 f   ConEmuPluginBase.obj
 0001:0001ae20       ?OnConsoleDetaching@CPluginBase@@SGHPAUHookCallbackArg@@@Z 1001be20 f   ConEmuPluginBase.obj
 0001:0001af50       ?OnConsoleWasAttached@CPluginBase@@SGXPAUHookCallbackArg@@@Z 1001bf50 f   ConEmuPluginBase.obj
 0001:0001afc0       ?OnCurDirChanged@CPluginBase@@SGXXZ 1001bfc0 f   ConEmuPluginBase.obj
 0001:0001b040       ?OnLibraryLoaded@CPluginBase@@SGXPAUHINSTANCE__@@@Z 1001c040 f   ConEmuPluginBase.obj
 0001:0001b0c0       ?ToUnicode@CPluginBase@@SIPA_WPBD@Z 1001c0c0 f   ConEmuPluginBase.obj
 0001:0001b140       ?ToOem@CPluginBase@@SIXPB_WPADH@Z 1001c140 f   ConEmuPluginBase.obj
 0001:0001b190       ?ToOem@CPluginBase@@SIPADPB_W@Z 1001c190 f   ConEmuPluginBase.obj
 0001:0001b1f0       ?ProcessDragFrom@CPluginBase@@QAEXXZ 1001c1f0 f   ConEmuPluginBase.obj
 0001:0001b7e0       ?ProcessDragTo@CPluginBase@@QAEXXZ 1001c7e0 f   ConEmuPluginBase.obj
 0001:0001bbe0       ?IsCurrentTabModal@CPluginBase@@QAE_NXZ 1001cbe0 f   ConEmuPluginBase.obj
 0001:0001bca0       ?PrintText@CPluginBase@@QAE_NPB_W@Z 1001cca0 f   ConEmuPluginBase.obj
 0001:0001bdf0       ?Ptr@?$MFileMapping@UCESERVER_CONSOLE_MAPPING_HDR@@@@QAEPAUCESERVER_CONSOLE_MAPPING_HDR@@XZ 1001cdf0 f i ConEmuPluginBase.obj
 0001:0001be10       ??$wcscpy_c@$0BBE@@@YIHAAY0BBE@_WPB_W@Z 1001ce10 f i ConEmuPluginBase.obj
 0001:0001be40       ??$wcscat_c@$0BBE@@@YIHAAY0BBE@_WPB_W@Z 1001ce40 f i ConEmuPluginBase.obj
 0001:0001be70       ??$wcscat_c@$0CAE@@@YIHAAY0CAE@_WPB_W@Z 1001ce70 f i ConEmuPluginBase.obj
 0001:0001bea0       ?EvaluateDefaultFontWidth@@YIHHPB_W@Z 1001cea0 f   EmergencyShow.obj
 0001:0001bfe0       ?SetUserFriendlyFont@@YIXPAUHWND__@@HH@Z 1001cfe0 f   EmergencyShow.obj
 0001:0001c4d0       ?CorrectConsolePos@@YIXPAUHWND__@@@Z 1001d4d0 f   EmergencyShow.obj
 0001:0001c610       ?EmergencyShow@@YIXPAUHWND__@@HH@Z 1001d610 f   EmergencyShow.obj
 0001:0001c760       ?IsFileBatch@@YI_NPB_W@Z   1001d760 f   Execute.obj
 0001:0001c7e0       ?GetImageSubsystem@@YI_NPB_WAAK11@Z 1001d7e0 f   Execute.obj
 0001:0001cb00       ?GetImageSubsystem@@YI_NAAK0@Z 1001db00 f   Execute.obj
 0001:0001cbb0       ?GetImageSubsystem@@YI_NU_PROCESS_INFORMATION@@AAK1@Z 1001dbb0 f   Execute.obj
 0001:0001cda0       ?GetEnclosingSectionHeader@@YIPAU_IMAGE_SECTION_HEADER@@KPAUIMAGE_MAPPING@@@Z 1001dda0 f   Execute.obj
 0001:0001ce30       ?GetPtrFromRVA@@YIPAXKPAUIMAGE_MAPPING@@@Z 1001de30 f   Execute.obj
 0001:0001ce90       ?FindImageSubsystem@@YI_NPB_WAAK1PAK@Z 1001de90 f   Execute.obj
 0001:0001d870       ?OnHooksUnloaded@@YGXXZ    1001e870 f   HkFunc.obj
 0001:0001d880       ??0HkFunc@@QAE@XZ          1001e880 f   HkFunc.obj
 0001:0001d8a0       ?Init@HkFunc@@QAE_NPB_WPAUHINSTANCE__@@@Z 1001e8a0 f   HkFunc.obj
 0001:0001d970       ?SetInternalMode@HkFunc@@QAEXXZ 1001e970 f   HkFunc.obj
 0001:0001d990       ?isConEmuHk@HkFunc@@QAE_NXZ 1001e990 f   HkFunc.obj
 0001:0001d9b0       ?StripSourceRoot@@YIPB_WPB_W@Z 1001e9b0 f   MAssert.obj
 0001:0001da40       ?HeapInitialize@@YI_NXZ    1001ea40 f   Memory.obj
 0001:0001da70       ?HeapDeinitialize@@YIXXZ   1001ea70 f   Memory.obj
 0001:0001daa0       ?xf_malloc@@YAPAXI@Z       1001eaa0 f   Memory.obj
 0001:0001dad0       ?xf_calloc@@YAPAXII@Z      1001ead0 f   Memory.obj
 0001:0001db00       ?xf_realloc@@YAPAXPAXI@Z   1001eb00 f   Memory.obj
 0001:0001db40       ?xf_free@@YAXPAX@Z         1001eb40 f   Memory.obj
 0001:0001db70       ?xf_validate@@YA_NPAX@Z    1001eb70 f   Memory.obj
 0001:0001db80       ??2@YAPAXI@Z               1001eb80 f   Memory.obj
 0001:0001dbb0       ??_U@YAPAXI@Z              1001ebb0 f   Memory.obj
 0001:0001dbd0       ??3@YAXPAX@Z               1001ebd0 f   Memory.obj
 0001:0001dbf0       ??_V@YAXPAX@Z              1001ebf0 f   Memory.obj
 0001:0001dc10       ?GetStartupMonitor@@YIPAUHMONITOR__@@XZ 1001ec10 f   Monitors.obj
 0001:0001dd00       ?MonitorFromParam@@YIPAUHMONITOR__@@PB_W@Z 1001ed00 f   Monitors.obj
 0001:0001dec0       ?FindMonitorsWorkspace@@YGHPAUHMONITOR__@@PAUHDC__@@PAUtagRECT@@J@Z 1001eec0 f   Monitors.obj
 0001:0001df40       ?GetAllMonitorsWorkspace@@YI?AUtagRECT@@XZ 1001ef40 f   Monitors.obj
 0001:0001dfc0       ?FindPrimaryMonitor@@YGHPAUHMONITOR__@@PAUHDC__@@PAUtagRECT@@J@Z 1001efc0 f   Monitors.obj
 0001:0001e040       ?GetMonitorInfoSafe@@YI_NPAUHMONITOR__@@AAUtagMONITORINFO@@@Z 1001f040 f   Monitors.obj
 0001:0001e090       ?GetPrimaryMonitorInfo@@YIPAUHMONITOR__@@PAUtagMONITORINFO@@@Z 1001f090 f   Monitors.obj
 0001:0001e140       ?GetNearestMonitorInfo@@YIPAUHMONITOR__@@PAUtagMONITORINFO@@PAU1@PBUtagRECT@@PAUHWND__@@@Z 1001f140 f   Monitors.obj
 0001:0001e230       ?EnumAllMonitors@@YGHPAUHMONITOR__@@PAUHDC__@@PAUtagRECT@@J@Z 1001f230 f   Monitors.obj
 0001:0001e2a0       ?MonitorSortCallback@@YIHAAU_FindAllMonitorsItem@@0@Z 1001f2a0 f   Monitors.obj
 0001:0001e310       ?GetNextMonitorInfo@@YIPAUHMONITOR__@@PAUtagMONITORINFO@@PBUtagRECT@@_N@Z 1001f310 f   Monitors.obj
 0001:0001e4e0       ??0_FindAllMonitors@@QAE@XZ 1001f4e0 f i Monitors.obj
 0001:0001e500       ??1_FindAllMonitors@@QAE@XZ 1001f500 f i Monitors.obj
 0001:0001e520       ?FindTaskbarWindow@@YIPAUHWND__@@PAUtagRECT@@@Z 1001f520 f   Monitors.obj
 0001:0001e590       ?IsTaskbarAutoHidden@@YI_NPAUtagRECT@@PAI@Z 1001f590 f   Monitors.obj
 0001:0001e650       ??0?$MArray@U_FindAllMonitorsItem@@@@QAE@XZ 1001f650 f i Monitors.obj
 0001:0001e690       ??1?$MArray@U_FindAllMonitorsItem@@@@QAE@XZ 1001f690 f i Monitors.obj
 0001:0001e6b0       ??A?$MArray@U_FindAllMonitorsItem@@@@QAEAAU_FindAllMonitorsItem@@H@Z 1001f6b0 f i Monitors.obj
 0001:0001e6d0       ?push_back@?$MArray@U_FindAllMonitorsItem@@@@QAEHABU_FindAllMonitorsItem@@@Z 1001f6d0 f i Monitors.obj
 0001:0001e760       ?size@?$MArray@U_FindAllMonitorsItem@@@@QBEHXZ 1001f760 f i Monitors.obj
 0001:0001e780       ?sort@?$MArray@U_FindAllMonitorsItem@@@@QAEXP6IHAAU_FindAllMonitorsItem@@0@Z@Z 1001f780 f i Monitors.obj
 0001:0001e870       ?clear@?$MArray@U_FindAllMonitorsItem@@@@QAEXXZ 1001f870 f i Monitors.obj
 0001:0001e8c0       ?addsize@?$MArray@U_FindAllMonitorsItem@@@@QAEXH@Z 1001f8c0 f i Monitors.obj
 0001:0001eab0       ?GetProcessInfo@@YI_NKPAUtagPROCESSENTRY32W@@@Z 1001fab0 f   MProcess.obj
 0001:0001eb10       ??0MToolHelpProcess@@QAE@XZ 1001fb10 f i MProcess.obj
 0001:0001eb40       ?Find@MToolHelpProcess@@QAE_NKPAUtagPROCESSENTRY32W@@@Z 1001fb40 f i MProcess.obj
 0001:0001eb70       ??_GMToolHelpProcess@@UAEPAXI@Z 1001fb70 f i MProcess.obj
 0001:0001eb70       ??_EMToolHelpProcess@@UAEPAXI@Z 1001fb70 f i MProcess.obj
 0001:0001eba0       ??1MToolHelpProcess@@UAE@XZ 1001fba0 f i MProcess.obj
 0001:0001ebc0       ?GetProcessInfo@@YI_NPB_WPAUtagPROCESSENTRY32W@@@Z 1001fbc0 f   MProcess.obj
 0001:0001ec20       ?Find@MToolHelpProcess@@QAE_NPB_WPAUtagPROCESSENTRY32W@@@Z 1001fc20 f i MProcess.obj
 0001:0001ec70       ?isTerminalMode@@YI_NXZ    1001fc70 f   MProcess.obj
 0001:0001eda0       ?Filter@?$MToolHelp@UtagPROCESSENTRY32W@@$1?Process32FirstW@@YGHPAXPAU1@@Z$1?Process32NextW@@YGH01@Z@@MAE_NPAUtagPROCESSENTRY32W@@@Z 1001fda0 f i MProcess.obj
 0001:0001edb0       ??0?$MToolHelp@UtagPROCESSENTRY32W@@$1?Process32FirstW@@YGHPAXPAU1@@Z$1?Process32NextW@@YGH01@Z@@QAE@KK@Z 1001fdb0 f i MProcess.obj
 0001:0001ee40       ??1?$MToolHelp@UtagPROCESSENTRY32W@@$1?Process32FirstW@@YGHPAXPAU1@@Z$1?Process32NextW@@YGH01@Z@@UAE@XZ 1001fe40 f i MProcess.obj
 0001:0001ee70       ?Find@?$MToolHelp@UtagPROCESSENTRY32W@@$1?Process32FirstW@@YGHPAXPAU1@@Z$1?Process32NextW@@YGH01@Z@@QAE_NP6I_NPAUtagPROCESSENTRY32W@@J@ZJ0@Z 1001fe70 f i MProcess.obj
 0001:0001ef00       ?push_back@?$MArray@UtagPROCESSENTRY32W@@@@QAEHABUtagPROCESSENTRY32W@@@Z 1001ff00 f i MProcess.obj
 0001:0001efa0       ??_E?$MToolHelp@UtagPROCESSENTRY32W@@$1?Process32FirstW@@YGHPAXPAU1@@Z$1?Process32NextW@@YGH01@Z@@UAEPAXI@Z 1001ffa0 f i MProcess.obj
 0001:0001efa0       ??_G?$MToolHelp@UtagPROCESSENTRY32W@@$1?Process32FirstW@@YGHPAXPAU1@@Z$1?Process32NextW@@YGH01@Z@@UAEPAXI@Z 1001ffa0 f i MProcess.obj
 0001:0001efd0       ?Close@?$MToolHelp@UtagPROCESSENTRY32W@@$1?Process32FirstW@@YGHPAXPAU1@@Z$1?Process32NextW@@YGH01@Z@@QAEX_N@Z 1001ffd0 f i MProcess.obj
 0001:0001f070       ?Reset@?$MToolHelp@UtagPROCESSENTRY32W@@$1?Process32FirstW@@YGHPAXPAU1@@Z$1?Process32NextW@@YGH01@Z@@QAEXXZ 10020070 f i MProcess.obj
 0001:0001f090       ?Next@?$MToolHelp@UtagPROCESSENTRY32W@@$1?Process32FirstW@@YGHPAXPAU1@@Z$1?Process32NextW@@YGH01@Z@@QAE_NPAUtagPROCESSENTRY32W@@@Z 10020090 f i MProcess.obj
 0001:0001f110       ?size@?$MArray@UtagPROCESSENTRY32W@@@@QBEHXZ 10020110 f i MProcess.obj
 0001:0001f130       ??0?$MArray@UtagPROCESSENTRY32W@@@@QAE@XZ 10020130 f i MProcess.obj
 0001:0001f170       ??1?$MArray@UtagPROCESSENTRY32W@@@@QAE@XZ 10020170 f i MProcess.obj
 0001:0001f190       ?addsize@?$MArray@UtagPROCESSENTRY32W@@@@QAEXH@Z 10020190 f i MProcess.obj
 0001:0001f280       ?getNext@?$MToolHelp@UtagPROCESSENTRY32W@@$1?Process32FirstW@@YGHPAXPAU1@@Z$1?Process32NextW@@YGH01@Z@@IAE_NXZ 10020280 f i MProcess.obj
 0001:0001f380       ??A?$MArray@UtagPROCESSENTRY32W@@@@QAEAAUtagPROCESSENTRY32W@@H@Z 10020380 f i MProcess.obj
 0001:0001f3a0       ?clear@?$MArray@UtagPROCESSENTRY32W@@@@QAEXXZ 100203a0 f i MProcess.obj
 0001:0001f3f0       ?eraseall@?$MArray@UtagPROCESSENTRY32W@@@@QAEXXZ 100203f0 f i MProcess.obj
 0001:0001f410       ?Open@?$MToolHelp@UtagPROCESSENTRY32W@@$1?Process32FirstW@@YGHPAXPAU1@@Z$1?Process32NextW@@YGH01@Z@@QAE_NXZ 10020410 f i MProcess.obj
 0001:0001f480       ??0MSection@@QAE@XZ        10020480 f   MSection.obj
 0001:0001f530       ??1MSection@@QAE@XZ        10020530 f   MSection.obj
 0001:0001f5d0       ?Process_Lock@MSection@@IAEXXZ 100205d0 f   MSection.obj
 0001:0001f5f0       ?Process_Unlock@MSection@@IAEXXZ 100205f0 f   MSection.obj
 0001:0001f610       ?ThreadTerminated@MSection@@QAEXK@Z 10020610 f   MSection.obj
 0001:0001f660       ?AddRef@MSection@@IAEXK@Z  10020660 f   MSection.obj
 0001:0001f750       ?ReleaseRef@MSection@@IAEHK@Z 10020750 f   MSection.obj
 0001:0001f820       ?WaitUnlocked@MSection@@IAEXKK@Z 10020820 f   MSection.obj
 0001:0001f8c0       ?MyEnterCriticalSection@MSection@@IAE_NK@Z 100208c0 f   MSection.obj
 0001:0001fa30       ?Lock@MSection@@IAEHHK@Z   10020a30 f   MSection.obj
 0001:0001fb80       ?Unlock@MSection@@IAEXH@Z  10020b80 f   MSection.obj
 0001:0001fbf0       ?isLockedExclusive@MSection@@QAE_NXZ 10020bf0 f   MSection.obj
 0001:0001fc40       ??0MSectionThread@@QAE@PAVMSection@@@Z 10020c40 f   MSection.obj
 0001:0001fc70       ??1MSectionThread@@QAE@XZ  10020c70 f   MSection.obj
 0001:0001fca0       ??0MSectionLock@@QAE@XZ    10020ca0 f   MSection.obj
 0001:0001fcd0       ??1MSectionLock@@QAE@XZ    10020cd0 f   MSection.obj
 0001:0001fd00       ?Lock@MSectionLock@@QAEHPAVMSection@@HK@Z 10020d00 f   MSection.obj
 0001:0001fd80       ?RelockExclusive@MSectionLock@@QAEHK@Z 10020d80 f   MSection.obj
 0001:0001fdf0       ?Unlock@MSectionLock@@QAEXXZ 10020df0 f   MSection.obj
 0001:0001fe30       ?isLocked@MSectionLock@@QAEHH@Z 10020e30 f   MSection.obj
 0001:0001fe80       ??0MSectionSimple@@QAE@_N@Z 10020e80 f   MSectionSimple.obj
 0001:0001fed0       ??1MSectionSimple@@QAE@XZ  10020ed0 f   MSectionSimple.obj
 0001:0001fef0       ?IsInitialized@MSectionSimple@@QAE_NXZ 10020ef0 f   MSectionSimple.obj
 0001:0001ff30       ?Init@MSectionSimple@@QAEXXZ 10020f30 f   MSectionSimple.obj
 0001:0001ff60       ?Close@MSectionSimple@@QAEXXZ 10020f60 f   MSectionSimple.obj
 0001:0001ff90       ?Enter@MSectionSimple@@QAEXXZ 10020f90 f   MSectionSimple.obj
 0001:0001ffb0       ?Leave@MSectionSimple@@QAEXXZ 10020fb0 f   MSectionSimple.obj
 0001:0001ffd0       ?TryEnter@MSectionSimple@@QAE_NXZ 10020fd0 f   MSectionSimple.obj
 0001:00020010       ?RecreateAndLock@MSectionSimple@@QAE_NXZ 10021010 f   MSectionSimple.obj
 0001:000200a0       ??0MSectionLockSimple@@QAE@XZ 100210a0 f   MSectionSimple.obj
 0001:000200c0       ??1MSectionLockSimple@@QAE@XZ 100210c0 f   MSectionSimple.obj
 0001:000200e0       ?Lock@MSectionLockSimple@@QAEHPAUMSectionSimple@@K@Z 100210e0 f   MSectionSimple.obj
 0001:00020190       ?Unlock@MSectionLockSimple@@QAEXXZ 10021190 f   MSectionSimple.obj
 0001:000201c0       ?isLocked@MSectionLockSimple@@QAEHXZ 100211c0 f   MSectionSimple.obj
 0001:000201e0       ?NullSecurity@@YIPAU_SECURITY_ATTRIBUTES@@XZ 100211e0 f   MSecurity.obj
 0001:00020230       ??0MNullDesc@@QAE@XZ       10021230 f i MSecurity.obj
 0001:00020290       ?NullSecurity@MNullDesc@@QAEPAU_SECURITY_ATTRIBUTES@@XZ 10021290 f i MSecurity.obj
 0001:00020390       ?LoadAdvApi@MNullDesc@@IAEHXZ 10021390 f i MSecurity.obj
 0001:000205e0       ?UnloadAdvApi@MNullDesc@@IAEXXZ 100215e0 f i MSecurity.obj
 0001:00020610       ?LocalSecurity@@YIPAU_SECURITY_ATTRIBUTES@@XZ 10021610 f   MSecurity.obj
 0001:00020660       ?LocalSecurity@MNullDesc@@QAEPAU_SECURITY_ATTRIBUTES@@XZ 10021660 f i MSecurity.obj
 0001:00020880       ?ShutdownSecurity@@YIXXZ   10021880 f   MSecurity.obj
 0001:000208d0       ??_GMNullDesc@@QAEPAXI@Z   100218d0 f i MSecurity.obj
 0001:00020900       ??1MNullDesc@@QAE@XZ       10021900 f i MSecurity.obj
 0001:00020980       ??0MSetter@@QAE@PAJ@Z      10021980 f   MSetter.obj
 0001:000209c0       ??0MSetter@@QAE@PA_N@Z     100219c0 f   MSetter.obj
 0001:00020a10       ??0MSetter@@QAE@PAKK@Z     10021a10 f   MSetter.obj
 0001:00020a60       ??1MSetter@@QAE@XZ         10021a60 f   MSetter.obj
 0001:00020a80       ?Unlock@MSetter@@QAEXXZ    10021a80 f   MSetter.obj
 0001:00020b10       ?lstrdup@@YIPADPBD@Z       10021b10 f   MStrDup.obj
 0001:00020b80       ?StringCchCopyA@@YGJPADIPBD@Z 10021b80 f i MStrDup.obj
 0001:00020ca0       ?lstrdup@@YIPA_WPB_WI@Z    10021ca0 f   MStrDup.obj
 0001:00020e00       ?lstrdupW@@YIPA_WPBDI@Z    10021e00 f   MStrDup.obj
 0001:00020e80       ?lstrdupA@@YIPADPB_WIPAH@Z 10021e80 f   MStrDup.obj
 0001:00020f60       ?lstrmerge@@YIPA_WPB_W00000000@Z 10021f60 f   MStrDup.obj
 0001:000210b0       ?lstrmerge@@YI_NPAPA_WPB_W1111111@Z 100220b0 f   MStrDup.obj
 0001:00021120       ?msprintf@@YAPB_WPA_WIPB_WZZ 10022120 f   MStrSafe.obj
 0001:00021760       ?msprintf@@YAPBDPADIPBDZZ  10022760 f   MStrSafe.obj
 0001:00021c60       ?lstrcmpni@@YIHPBD0H@Z     10022c60 f   MStrSafe.obj
 0001:00021d90       ?lstrcmpni@@YIHPB_W0H@Z    10022d90 f   MStrSafe.obj
 0001:00021ef0       ?startswith@@YIHPB_W0_N@Z  10022ef0 f   MStrSafe.obj
 0001:00021f80       ??$klMax@H@@YIABHABH0@Z    10022f80 f i MStrSafe.obj
 0001:00021fc0       ??0CPluginBackground@@QAE@XZ 10022fc0 f   PluginBackground.obj
 0001:00022200       ??1CPluginBackground@@QAE@XZ 10023200 f   PluginBackground.obj
 0001:00022450       ?RegisterSubplugin@CPluginBackground@@QAEHPAURegisterBackgroundArg@@@Z 10023450 f   PluginBackground.obj
 0001:00022800       ?ReallocItems@CPluginBackground@@IAEXH@Z 10023800 f   PluginBackground.obj
 0001:00022880       ?OnMainThreadActivated@CPluginBackground@@QAEXHH@Z 10023880 f   PluginBackground.obj
 0001:000229a0       ?SetForceCheck@CPluginBackground@@QAEXXZ 100239a0 f   PluginBackground.obj
 0001:000229d0       ?SetForceUpdate@CPluginBackground@@QAEX_N@Z 100239d0 f   PluginBackground.obj
 0001:00022a10       ?SetForceThLoad@CPluginBackground@@QAEXXZ 10023a10 f   PluginBackground.obj
 0001:00022a50       ?IsParmChanged@CPluginBackground@@IAE_NPAUPaintBackgroundArg@@0@Z 10023a50 f   PluginBackground.obj
 0001:00022d30       ?CheckPanelFolders@CPluginBackground@@IAEXH@Z 10023d30 f   PluginBackground.obj
 0001:00022e30       ?SetDcPanelRect@CPluginBackground@@IAEXPAUtagRECT@@PAUBkPanelInfo@@PAUPaintBackgroundArg@@@Z 10023e30 f   PluginBackground.obj
 0001:00022f70       ?UpdateBackground_Exec@CPluginBackground@@KIXPAURegisterBackgroundArg@@PAUPaintBackgroundArg@@@Z 10023f70 f   PluginBackground.obj
 0001:00022fc0       ?UpdateBackground@CPluginBackground@@IAEXXZ 10023fc0 f   PluginBackground.obj
 0001:00023e30       ?LoadThSet@CPluginBackground@@IAEHH@Z 10024e30 f   PluginBackground.obj
 0001:00024050       ?MonitorBackground@CPluginBackground@@QAEXXZ 10025050 f   PluginBackground.obj
 0001:00024100       ?GetTo@?$MFileMapping@UPanelViewSetMapping@@@@QAE_NPAUPanelViewSetMapping@@H@Z 10025100 f i PluginBackground.obj
 0001:00024150       ?InitName@?$MFileMapping@UPanelViewSetMapping@@@@QAEPB_WPB_WKK@Z 10025150 f i PluginBackground.obj
 0001:000241a0       ?CloseMap@?$MFileMapping@UPanelViewSetMapping@@@@QAEXXZ 100251a0 f i PluginBackground.obj
 0001:00024210       ?Open@?$MFileMapping@UPanelViewSetMapping@@@@QAEPAUPanelViewSetMapping@@HH@Z 10025210 f i PluginBackground.obj
 0001:00024230       ??0?$MFileMapping@UPanelViewSetMapping@@@@QAE@XZ 10025230 f i PluginBackground.obj
 0001:00024290       ??1?$MFileMapping@UPanelViewSetMapping@@@@QAE@XZ 10025290 f i PluginBackground.obj
 0001:000242b0       ?IsValid@?$MFileMapping@UPanelViewSetMapping@@@@QAE_NXZ 100252b0 f i PluginBackground.obj
 0001:000242d0       ?ClosePtr@?$MFileMapping@UPanelViewSetMapping@@@@QAEXXZ 100252d0 f i PluginBackground.obj
 0001:00024300       ?InternalOpenCreate@?$MFileMapping@UPanelViewSetMapping@@@@IAEPAUPanelViewSetMapping@@HHH@Z 10025300 f i PluginBackground.obj
 0001:000245c0       ?PlugServerInit@@YIXXZ     100255c0 f   PluginSrv.obj
 0001:000245d0       ?PlugServerStart@@YI_NXZ   100255d0 f   PluginSrv.obj
 0001:000246c0       ?PlugServerStop@@YIX_N@Z   100256c0 f   PluginSrv.obj
 0001:00024720       ?cmd_FarSetChanged@@YIXPAUFAR_REQ_FARSETCHANGED@@@Z 10025720 f   PluginSrv.obj
 0001:00024790       ?PlugServerCommand@@YGHPAXPAUCESERVER_REQ@@AAPAU1@AAK3J@Z 10025790 f   PluginSrv.obj
 0001:00024ea0       ?PlugServerFree@@YGXPAUCESERVER_REQ@@J@Z 10025ea0 f   PluginSrv.obj
 0001:00024eb0       ?SetOverlapped@?$PipeServer@UCESERVER_REQ@@@@QAEX_N@Z 10025eb0 f i PluginSrv.obj
 0001:00024ed0       ?SetLoopCommands@?$PipeServer@UCESERVER_REQ@@@@QAEX_N@Z 10025ed0 f i PluginSrv.obj
 0001:00024ef0       ?SetDummyAnswerSize@?$PipeServer@UCESERVER_REQ@@@@QAEXH@Z 10025ef0 f i PluginSrv.obj
 0001:00024f10       ?SetMaxCount@?$PipeServer@UCESERVER_REQ@@@@QAEXH@Z 10025f10 f i PluginSrv.obj
 0001:00024f50       ?StartPipeServer@?$PipeServer@UCESERVER_REQ@@@@QAE_N_NPB_WJPAU_SECURITY_ATTRIBUTES@@P6GHPAXPAUCESERVER_REQ@@AAPAU3@AAK6J@ZP6GX4J@ZP6GH3J@Z99@Z 10025f50 f i PluginSrv.obj
 0001:00025130       ?StopPipeServer@?$PipeServer@UCESERVER_REQ@@@@QAEX_NAA_N@Z 10026130 f i PluginSrv.obj
 0001:000257e0       ?BreakConnection@?$PipeServer@UCESERVER_REQ@@@@QAEXPAX@Z 100267e0 f i PluginSrv.obj
 0001:00025800       ?DumpError@?$PipeServer@UCESERVER_REQ@@@@IAEXPAUPipeInst@1@PB_WH@Z 10026800 f i PluginSrv.obj
 0001:000258f0       ?_Disconnect@?$PipeServer@UCESERVER_REQ@@@@IAEXPAUPipeInst@1@_N11@Z 100268f0 f i PluginSrv.obj
 0001:00025970       ?StartPipeInstance@?$PipeServer@UCESERVER_REQ@@@@IAE_NPAUPipeInst@1@@Z 10026970 f i PluginSrv.obj
 0001:00025b10       ?TerminatePipeThread@?$PipeServer@UCESERVER_REQ@@@@KIXAAPAXABUPipeInst@1@AA_N@Z 10026b10 f i PluginSrv.obj
 0001:00025ba0       ?_PipeServerThread@?$PipeServer@UCESERVER_REQ@@@@KGKPAX@Z 10026ba0 f i PluginSrv.obj
 0001:00025c10       ?PipeServerThread@?$PipeServer@UCESERVER_REQ@@@@IAEKPAUPipeInst@1@@Z 10026c10 f i PluginSrv.obj
 0001:00025fa0       ?PipeServerRead@?$PipeServer@UCESERVER_REQ@@@@IAEHPAUPipeInst@1@@Z 10026fa0 f i PluginSrv.obj
 0001:00026330       ?PipeServerWrite@?$PipeServer@UCESERVER_REQ@@@@IAEHPAUPipeInst@1@PBXKPAKH@Z 10027330 f i PluginSrv.obj
 0001:000264d0       ?WaitForClient@?$PipeServer@UCESERVER_REQ@@@@IAE_NPAUPipeInst@1@AAH1@Z 100274d0 f i PluginSrv.obj
 0001:000268b0       ?WriteDummyAnswer@?$PipeServer@UCESERVER_REQ@@@@IAEHPAUPipeInst@1@@Z 100278b0 f i PluginSrv.obj
 0001:00026930       ?WaitOverlapped@?$PipeServer@UCESERVER_REQ@@@@IAEHPAUPipeInst@1@PAK@Z 10027930 f i PluginSrv.obj
 0001:00026b60       ?AllocRequestBuf@PipeInst@?$PipeServer@UCESERVER_REQ@@@@QAEPAUCESERVER_REQ@@K@Z 10027b60 f i PluginSrv.obj
 0001:00026be0       ??$wcscpy_c@$0BAE@@@YIHAAY0BAE@_WPB_W@Z 10027be0 f i PluginSrv.obj
 0001:00026cf0       ?SetConEmuEnvHWND@@YIXPB_WPAUHWND__@@@Z 10027cf0 f   SetEnvVar.obj
 0001:00026d40       ?SetConEmuEnvVar@@YIXPAUHWND__@@@Z 10027d40 f   SetEnvVar.obj
 0001:00026db0       ?SetConEmuEnvVarChild@@YIXPAUHWND__@@0@Z 10027db0 f   SetEnvVar.obj
 0001:00026de0       ?SetConEmuWorkEnvVar@@YIXPAUHINSTANCE__@@@Z 10027de0 f   SetEnvVar.obj
 0001:00026f60       ??0CEnvStrings@@QAE@PA_W@Z 10027f60 f   SetEnvVar.obj
 0001:00026ff0       ??1CEnvStrings@@QAE@XZ     10027ff0 f   SetEnvVar.obj
 0001:00027020       ?SetConsoleInfo@@YIHPAUHWND__@@PAU_CONSOLE_INFO@@@Z 10028020 f   WConsole.obj
 0001:000272e0       ?CreateConsoleSection@ConsoleSectionHelper@@QAEPAXXZ 100282e0 f i WConsole.obj
 0001:00027320       ?GetConsoleSizeInfo@@YIXPAU_CONSOLE_INFO@@@Z 10028320 f   WConsole.obj
 0001:000273d0       ?apiGetConsoleScreenBufferInfoEx@@YIHPAXPAUMY_CONSOLE_SCREEN_BUFFER_INFOEX@@@Z 100283d0 f   WConsole.obj
 0001:00027440       ?apiSetConsoleScreenBufferInfoEx@@YIHPAXPAUMY_CONSOLE_SCREEN_BUFFER_INFOEX@@@Z 10028440 f   WConsole.obj
 0001:000274d0       ?apiGetCurrentConsoleFontEx@@YIHPAXHPAUMY_CONSOLE_FONT_INFOEX@@@Z 100284d0 f   WConsole.obj
 0001:00027550       ?apiSetCurrentConsoleFontEx@@YIHPAXHPAUMY_CONSOLE_FONT_INFOEX@@@Z 10028550 f   WConsole.obj
 0001:000275d0       ?apiInitConsoleFontSize@@YIHPAX@Z 100285d0 f   WConsole.obj
 0001:00027650       ?apiGetConsoleFontSize@@YIHPAXAAH1AAY0CA@_W@Z 10028650 f   WConsole.obj
 0001:000276f0       ?apiSetConsoleFontSize@@YIHPAXHHPB_W@Z 100286f0 f   WConsole.obj
 0001:00027820       ?apiFixFontSizeForBufferSize@@YIHPAXU_COORD@@PADH@Z 10028820 f   WConsole.obj
 0001:00027d30       ?SetConsoleFontSizeTo@@YIXPAUHWND__@@HHPB_WGG@Z 10028d30 f   WConsole.obj
 0001:000281a0       ?CreateConsoleData@ConsoleSectionHelper@@QAEPAU_CONSOLE_INFO@@XZ 100291a0 f i WConsole.obj
 0001:000281e0       ?apiPauseConsoleOutput@@YIHPAUHWND__@@_N@Z 100291e0 f   WConsole.obj
 0001:000282c0       ?apiGetConsoleSelectionInfo@@YIHPAU_CONSOLE_SELECTION_INFO@@@Z 100292c0 f   WConsole.obj
 0001:000283b0       ?MyGetLargestConsoleWindowSize@@YI?AU_COORD@@PAX@Z 100293b0 f   WConsole.obj
 0001:00028430       ??0MSetConTextAttr@@QAE@PAXG@Z 10029430 f   WConsole.obj
 0001:000284a0       ??1MSetConTextAttr@@QAE@XZ 100294a0 f   WConsole.obj
 0001:000284e0       ??0ConsoleSectionHelper@@QAE@XZ 100294e0 f i WConsole.obj
 0001:00028510       ??1ConsoleSectionHelper@@QAE@XZ 10029510 f i WConsole.obj
 0001:00028560       ?SearchAppPaths@@YI_NPB_WAAUCEStr@@_NPAU1@@Z 10029560 f   WFiles.obj
 0001:00028aa0       ?GetFullPathNameEx@@YIPA_WPB_W@Z 10029aa0 f   WFiles.obj
 0001:00028b50       ?FindFileName@@YI_NPB_WAAUCEStr@@@Z 10029b50 f   WFiles.obj
 0001:00028d40       ?MakePathProperCase@@YI_NAAUCEStr@@@Z 10029d40 f   WFiles.obj
 0001:00028f70       ?ReadTextFile@@YIHPB_WKAAPA_WAAK2K@Z 10029f70 f   WFiles.obj
 0001:000293c0       ?WriteTextFile@@YIHPB_W0HK_NPAK@Z 1002a3c0 f   WFiles.obj
 0001:00029640       ?FilesExists@@YI_NPB_W0_NH@Z 1002a640 f   WFiles.obj
 0001:00029790       ?IsDotsName@@YI_NPB_W@Z    1002a790 f   WFiles.obj
 0001:000297f0       ?FileExistSubDir@@YI_NPB_W0HAAUCEStr@@@Z 1002a7f0 f   WFiles.obj
 0001:000299f0       ?DirectoryExists@@YI_NPB_W@Z 1002a9f0 f   WFiles.obj
 0001:00029b50       ?MyCreateDirectory@@YI_NPA_W@Z 1002ab50 f   WFiles.obj
 0001:00029c90       ?FileCompare@@YI_NPB_W0@Z  1002ac90 f   WFiles.obj
 0001:00029eb0       ?apiCancelSynchronousIo@@YIHPAX@Z 1002aeb0 f   WFiles.obj
 0001:00029f40       ?HasZoneIdentifier@@YI_NPB_WAAH@Z 1002af40 f   WFiles.obj
 0001:0002a000       ?DropZoneIdentifier@@YI_NPB_WAAK@Z 1002b000 f   WFiles.obj
 0001:0002a0b0       ?IsModuleValid@@YI_NPAUHINSTANCE__@@H@Z 1002b0b0 f   WModuleCheck.obj
 0001:0002a1f0       ?CheckCallbackPtr@@YI_NPAUHINSTANCE__@@IPAP6GHXZHHH@Z 1002b1f0 f   WModuleCheck.obj
 0001:0002a340       ?FileExists@@YI_NPB_WPAK@Z 1002b340 f   WObjects.obj
 0001:0002a520       ?apiSearchPath@@YIHPB_W00AAUCEStr@@@Z 1002b520 f   WObjects.obj
 0001:0002a680       ?apiGetFullPathName@@YIHPB_WAAUCEStr@@@Z 1002b680 f   WObjects.obj
 0001:0002a7d0       ?FileSearchInDir@@YI_NPB_WAAUCEStr@@@Z 1002b7d0 f   WObjects.obj
 0001:0002a990       ?FileExistsSearch@@YI_NPB_WAAUCEStr@@_N2@Z 1002b990 f   WObjects.obj
 0001:0002aaa0       ?GetShortFileName@@YI_NPB_WHPA_WH@Z 1002baa0 f   WObjects.obj
 0001:0002acb0       ?GetShortFileNameEx@@YIPA_WPB_WH@Z 1002bcb0 f   WObjects.obj
 0001:0002b0e0       ?GetModulePathName@@YIKPAUHINSTANCE__@@AAUCEStr@@@Z 1002c0e0 f   WObjects.obj
 0001:0002b190       ?IsWine@@YI_NXZ            1002c190 f   WObjects.obj
 0001:0002b2b0       ?IsWinPE@@YI_NXZ           1002c2b0 f   WObjects.obj
 0001:0002b320       ?GetOsVersionInformational@@YI_NPAU_OSVERSIONINFOW@@@Z 1002c320 f   WObjects.obj
 0001:0002b350       ?IsWinVerOrHigher@@YI_NG@Z 1002c350 f   WObjects.obj
 0001:0002b400       ?IsWinVerEqual@@YI_NG@Z    1002c400 f   WObjects.obj
 0001:0002b4b0       ?IsWin2kEql@@YI_NXZ        1002c4b0 f   WObjects.obj
 0001:0002b4f0       ?IsWin5family@@YI_NXZ      1002c4f0 f   WObjects.obj
 0001:0002b580       ?IsWinXPSP1@@YI_NXZ        1002c580 f   WObjects.obj
 0001:0002b640       ?IsWin6@@YI_NXZ            1002c640 f   WObjects.obj
 0001:0002b680       ?IsWin7@@YI_NXZ            1002c680 f   WObjects.obj
 0001:0002b6c0       ?IsWin8@@YI_NXZ            1002c6c0 f   WObjects.obj
 0001:0002b700       ?IsWin8_1@@YI_NXZ          1002c700 f   WObjects.obj
 0001:0002b740       ?IsWin10@@YI_NXZ           1002c740 f   WObjects.obj
 0001:0002b7e0       ?IsDbcs@@YI_NXZ            1002c7e0 f   WObjects.obj
 0001:0002b800       ?IsWindows64@@YI_NXZ       1002c800 f   WObjects.obj
 0001:0002b890       ?IsHwFullScreenAvailable@@YI_NXZ 1002c890 f   WObjects.obj
 0001:0002b930       ?IsVsNetHostExe@@YI_NPB_W@Z 1002c930 f   WObjects.obj
 0001:0002b9b0       ?IsGDB@@YI_NPB_W@Z         1002c9b0 f   WObjects.obj
 0001:0002ba00       ?ExpandMacroValues@@YIPA_WPB_WPAPB_WI@Z 1002ca00 f   WObjects.obj
 0001:0002bbc0       ?ExpandEnvStr@@YIPA_WPB_W@Z 1002cbc0 f   WObjects.obj
 0001:0002bca0       ?GetEnvVar@@YIPA_WPB_W@Z   1002cca0 f   WObjects.obj
 0001:0002bd70       ?GetComspecFromEnvVar@@YIPB_WPA_WKW4ComSpecBits@@@Z 1002cd70 f   WObjects.obj
 0001:0002bff0       ?GetComspec@@YIPA_WPBUConEmuComspec@@@Z 1002cff0 f   WObjects.obj
 0001:0002c230       ?IsExportEnvVarAllowed@@YI_NPB_W@Z 1002d230 f   WObjects.obj
 0001:0002c2b0       ?ApplyExportEnvVar@@YIXPB_W@Z 1002d2b0 f   WObjects.obj
 0001:0002c330       ?CoordInSmallRect@@YI_NABU_COORD@@ABU_SMALL_RECT@@@Z 1002d330 f   WObjects.obj
 0001:0002c3a0       ?GetCpFromString@@YIIPB_WPAPB_W@Z 1002d3a0 f   WObjects.obj
 0001:0002c510       ?apiThreadHelper@@YGKPAX@Z 1002d510 f   WThreads.obj
 0001:0002c690       ?apiCreateThread@@YIPAXP6GKPAX@Z0PAKPBDH@Z 1002d690 f   WThreads.obj
 0001:0002c800       ??0ConEmuThreadStartArg@@QAE@P6GKPAX@Z0K@Z 1002d800 f i WThreads.obj
 0001:0002c840       ?apiTerminateThreadEx@@YIHPAXKPBDH@Z 1002d840 f   WThreads.obj
 0001:0002c950       ?wasTerminateThreadCalled@@YI_NXZ 1002d950 f   WThreads.obj
 0001:0002c970       ?SetThreadName@@YIXKPAD@Z  1002d970 f   WThreads.obj
 0001:0002ca00       ?apiSetForegroundWindow@@YI_NPAUHWND__@@@Z 1002da00 f   WUser.obj
 0001:0002ca30       ?apiShowWindow@@YI_NPAUHWND__@@H@Z 1002da30 f   WUser.obj
 0001:0002ca60       ?apiShowWindowAsync@@YI_NPAUHWND__@@H@Z 1002da60 f   WUser.obj
 0001:0002ca90       ?getWindowInfo@@YIXPAUHWND__@@AAY0EAA@_W_NPAK@Z 1002da90 f   WUser.obj
 0001:0002cc50       ?IsUserAdmin@@YI_NXZ       1002dc50 f   WUser.obj
 0001:0002cd40       ?GetLogonSID@@YI_NPAXPAPA_W@Z 1002dd40 f   WUser.obj
 0001:0002ce60       ?DuplicateProcessHandle@@YIPAXK@Z 1002de60 f   WUser.obj
 0001:0002ced0       ?FindComspec@@YIXPAUConEmuComspec@@_N@Z 1002ded0 f   WUser.obj
 0001:0002d8a0       ?UpdateComspec@@YIXPAUConEmuComspec@@_N@Z 1002e8a0 f   WUser.obj
 0001:0002dbe0       ?SetEnvVarExpanded@@YIXPB_W0@Z 1002ebe0 f   WUser.obj
 0001:0002dce0       ??$wcscpy_c@$0EAA@@@YIHAAY0EAA@_WPB_W@Z 1002ece0 f i WUser.obj
 0001:0002ddf0       ??$wcscpy_c@$0BAA@@@YIHAAY0BAA@_WPB_W@Z 1002edf0 f i WUser.obj
 0001:0002de18       _SetEnvironmentVariableW@8 1002ee18 f   kernel32:KERNEL32.dll
 0001:0002de1e       _lstrcmpiW@8               1002ee1e f   kernel32:KERNEL32.dll
 0001:0002de24       _lstrcmpW@8                1002ee24 f   kernel32:KERNEL32.dll
 0001:0002de2a       _lstrlenW@4                1002ee2a f   kernel32:KERNEL32.dll
 0001:0002de30       _lstrcpynW@12              1002ee30 f   kernel32:KERNEL32.dll
 0001:0002de36       _GetCurrentDirectoryW@8    1002ee36 f   kernel32:KERNEL32.dll
 0001:0002de3c       _GetProcAddress@8          1002ee3c f   kernel32:KERNEL32.dll
 0001:0002de42       _GetModuleHandleW@4        1002ee42 f   kernel32:KERNEL32.dll
 0001:0002de48       _GetModuleFileNameW@12     1002ee48 f   kernel32:KERNEL32.dll
 0001:0002de4e       _SetNamedPipeHandleState@16 1002ee4e f   kernel32:KERNEL32.dll
 0001:0002de54       _GetCurrentProcessId@0     1002ee54 f   kernel32:KERNEL32.dll
 0001:0002de5a       _Sleep@4                   1002ee5a f   kernel32:KERNEL32.dll
 0001:0002de60       _SetLastError@4            1002ee60 f   kernel32:KERNEL32.dll
 0001:0002de66       _WaitNamedPipeW@8          1002ee66 f   kernel32:KERNEL32.dll
 0001:0002de6c       _WaitForSingleObject@8     1002ee6c f   kernel32:KERNEL32.dll
 0001:0002de72       _GetLastError@0            1002ee72 f   kernel32:KERNEL32.dll
 0001:0002de78       _CreateFileW@28            1002ee78 f   kernel32:KERNEL32.dll
 0001:0002de7e       _GetTickCount@0            1002ee7e f   kernel32:KERNEL32.dll
 0001:0002de84       _IsDebuggerPresent@0       1002ee84 f   kernel32:KERNEL32.dll
 0001:0002de8a       _GetCurrentThreadId@0      1002ee8a f   kernel32:KERNEL32.dll
 0001:0002de90       _ReadFile@20               1002ee90 f   kernel32:KERNEL32.dll
 0001:0002de96       _CloseHandle@4             1002ee96 f   kernel32:KERNEL32.dll
 0001:0002de9c       _TransactNamedPipe@28      1002ee9c f   kernel32:KERNEL32.dll
 0001:0002dea2       _WriteFile@20              1002eea2 f   kernel32:KERNEL32.dll
 0001:0002dea8       _GetConsoleWindow@0        1002eea8 f   kernel32:KERNEL32.dll
 0001:0002deae       _UnmapViewOfFile@4         1002eeae f   kernel32:KERNEL32.dll
 0001:0002deb4       _MapViewOfFile@20          1002eeb4 f   kernel32:KERNEL32.dll
 0001:0002deba       _OpenFileMappingW@12       1002eeba f   kernel32:KERNEL32.dll
 0001:0002dec0       _CreateFileMappingW@24     1002eec0 f   kernel32:KERNEL32.dll
 0001:0002dec6       _LoadLibraryW@4            1002eec6 f   kernel32:KERNEL32.dll
 0001:0002decc       _VirtualProtect@16         1002eecc f   kernel32:KERNEL32.dll
 0001:0002ded2       _lstrcpyW@8                1002eed2 f   kernel32:KERNEL32.dll
 0001:0002ded8       _MultiByteToWideChar@24    1002eed8 f   kernel32:KERNEL32.dll
 0001:0002dede       _lstrcpynA@12              1002eede f   kernel32:KERNEL32.dll
 0001:0002dee4       _lstrlenA@4                1002eee4 f   kernel32:KERNEL32.dll
 0001:0002deea       _WideCharToMultiByte@32    1002eeea f   kernel32:KERNEL32.dll
 0001:0002def0       _lstrcpyA@8                1002eef0 f   kernel32:KERNEL32.dll
 0001:0002def6       _Module32NextW@8           1002eef6 f   kernel32:KERNEL32.dll
 0001:0002defc       _Module32FirstW@8          1002eefc f   kernel32:KERNEL32.dll
 0001:0002df02       _CreateToolhelp32Snapshot@8 1002ef02 f   kernel32:KERNEL32.dll
 0001:0002df08       _GetConsoleCursorInfo@8    1002ef08 f   kernel32:KERNEL32.dll
 0001:0002df0e       _GetConsoleScreenBufferInfo@8 1002ef0e f   kernel32:KERNEL32.dll
 0001:0002df14       _GetStdHandle@4            1002ef14 f   kernel32:KERNEL32.dll
 0001:0002df1a       _InterlockedIncrement@4    1002ef1a f   kernel32:KERNEL32.dll
 0001:0002df20       _GetConsoleTitleW@8        1002ef20 f   kernel32:KERNEL32.dll
 0001:0002df26       _DeleteFileW@4             1002ef26 f   kernel32:KERNEL32.dll
 0001:0002df2c       _Thread32Next@8            1002ef2c f   kernel32:KERNEL32.dll
 0001:0002df32       _Thread32First@8           1002ef32 f   kernel32:KERNEL32.dll
 0001:0002df38       _GetConsoleMode@8          1002ef38 f   kernel32:KERNEL32.dll
 0001:0002df3e       _GetExitCodeProcess@8      1002ef3e f   kernel32:KERNEL32.dll
 0001:0002df44       _CreateProcessW@40         1002ef44 f   kernel32:KERNEL32.dll
 0001:0002df4a       _SetConsoleMode@8          1002ef4a f   kernel32:KERNEL32.dll
 0001:0002df50       _GetEnvironmentStringsW@0  1002ef50 f   kernel32:KERNEL32.dll
 0001:0002df56       _lstrcatW@8                1002ef56 f   kernel32:KERNEL32.dll
 0001:0002df5c       _GetEnvironmentVariableW@12 1002ef5c f   kernel32:KERNEL32.dll
 0001:0002df62       _WaitForMultipleObjects@16 1002ef62 f   kernel32:KERNEL32.dll
 0001:0002df68       _CreateEventW@16           1002ef68 f   kernel32:KERNEL32.dll
 0001:0002df6e       _SetConsoleTitleW@4        1002ef6e f   kernel32:KERNEL32.dll
 0001:0002df74       _CreateSemaphoreW@16       1002ef74 f   kernel32:KERNEL32.dll
 0001:0002df7a       _ResetEvent@4              1002ef7a f   kernel32:KERNEL32.dll
 0001:0002df80       _TerminateProcess@8        1002ef80 f   kernel32:KERNEL32.dll
 0001:0002df86       _GetCurrentProcess@0       1002ef86 f   kernel32:KERNEL32.dll
 0001:0002df8c       _SetEvent@4                1002ef8c f   kernel32:KERNEL32.dll
 0001:0002df92       _IsBadStringPtrW@8         1002ef92 f   kernel32:KERNEL32.dll
 0001:0002df98       _InterlockedDecrement@4    1002ef98 f   kernel32:KERNEL32.dll
 0001:0002df9e       _ReleaseSemaphore@12       1002ef9e f   kernel32:KERNEL32.dll
 0001:0002dfa4       _WriteConsoleInputW@16     1002efa4 f   kernel32:KERNEL32.dll
 0001:0002dfaa       _GetNumberOfConsoleInputEvents@8 1002efaa f   kernel32:KERNEL32.dll
 0001:0002dfb0       _ReadConsoleInputW@16      1002efb0 f   kernel32:KERNEL32.dll
 0001:0002dfb6       _PeekConsoleInputW@16      1002efb6 f   kernel32:KERNEL32.dll
 0001:0002dfbc       _SuspendThread@4           1002efbc f   kernel32:KERNEL32.dll
 0001:0002dfc2       _ResumeThread@4            1002efc2 f   kernel32:KERNEL32.dll
 0001:0002dfc8       _VerifyVersionInfoW@16     1002efc8 f   kernel32:KERNEL32.dll
 0001:0002dfce       _VerSetConditionMask@16    1002efce f   kernel32:KERNEL32.dll
 0001:0002dfd4       _ReleaseMutex@4            1002efd4 f   kernel32:KERNEL32.dll
 0001:0002dfda       _CreateMutexW@12           1002efda f   kernel32:KERNEL32.dll
 0001:0002dfe0       _SetFilePointer@16         1002efe0 f   kernel32:KERNEL32.dll
 0001:0002dfe6       _GetFileInformationByHandle@8 1002efe6 f   kernel32:KERNEL32.dll
 0001:0002dfec       _ReadProcessMemory@20      1002efec f   kernel32:KERNEL32.dll
 0001:0002dff2       _FreeLibrary@4             1002eff2 f   kernel32:KERNEL32.dll
 0001:0002dff8       _ExpandEnvironmentStringsW@12 1002eff8 f   kernel32:KERNEL32.dll
 0001:0002dffe       _SearchPathW@24            1002effe f   kernel32:KERNEL32.dll
 0001:0002e004       _DebugBreak@0              1002f004 f   kernel32:KERNEL32.dll
 0001:0002e00a       _HeapCreate@12             1002f00a f   kernel32:KERNEL32.dll
[...]
 0003:00002ae8       ?gbNeedPostTabSend@@3HA    1004cae8     ConEmuPluginBase.obj
 0003:00002aec       ?gbNeedPostEditCheck@@3HA  1004caec     ConEmuPluginBase.obj
 0003:00002af0       ?gbNeedPostReloadFarInfo@@3HA 1004caf0     ConEmuPluginBase.obj
 0003:00002af4       ?gnNeedPostTabSendTick@@3KA 1004caf4     ConEmuPluginBase.obj
 0003:00002af8       ?gpConMapInfo@@3PBUCESERVER_CONSOLE_MAPPING_HDR@@B 1004caf8     ConEmuPluginBase.obj
 0003:00002afc       ?gbStartedUnderConsole2@@3HA 1004cafc     ConEmuPluginBase.obj
 0003:00002b00       ?gnSelfPID@@3KA            1004cb00     ConEmuPluginBase.obj
 0003:00002b04       ?ghFarInfoMapping@@3PAXA   1004cb04     ConEmuPluginBase.obj
 0003:00002b08       ?gpFarInfo@@3PAUCEFAR_INFO_MAPPING@@A 1004cb08     ConEmuPluginBase.obj
 0003:00002b0c       ?gpFarInfoMapping@@3PAUCEFAR_INFO_MAPPING@@A 1004cb0c     ConEmuPluginBase.obj
 0003:00002b10       ?ghFarAliveEvent@@3PAXA    1004cb10     ConEmuPluginBase.obj
 0003:00002b14       ?gPanelRegLeft@@3UPanelViewRegInfo@@A 1004cb14     ConEmuPluginBase.obj
 0003:00002b2c       ?gPanelRegRight@@3UPanelViewRegInfo@@A 1004cb2c     ConEmuPluginBase.obj
 0003:00002b44       ?ghConEmuCtrlPressed@@3PAXA 1004cb44     ConEmuPluginBase.obj
 0003:00002b48       ?ghConEmuShiftPressed@@3PAXA 1004cb48     ConEmuPluginBase.obj
 0003:00002b4c       ?gbWaitConsoleInputEmpty@@3HA 1004cb4c     ConEmuPluginBase.obj
 0003:00002b50       ?gbWaitConsoleWrite@@3HA   1004cb50     ConEmuPluginBase.obj
 0003:00002b54       ?ghConsoleInputEmpty@@3PAXA 1004cb54     ConEmuPluginBase.obj
 0003:00002b58       ?ghConsoleWrite@@3PAXA     1004cb58     ConEmuPluginBase.obj
 0003:00002b5c       ?gnSynchroCount@@3HA       1004cb5c     ConEmuPluginBase.obj
 0003:00002b60       ?gbSynchroProhibited@@3_NA 1004cb60     ConEmuPluginBase.obj
 0003:00002b61       ?gbInputSynchroPending@@3_NA 1004cb61     ConEmuPluginBase.obj
 0003:00002b78       ?hkFunc@@3UHkFunc@@A       1004cb78     HkFunc.obj
 0003:00002b7c       ?AssertMsgBox@@3P6IHPB_WI0PAUHWND__@@_N@ZA 1004cb7c     MAssert.obj
 0003:00002b80       ?gfnHooksUnlockerProc@@3P6I_N_N@ZA 1004cb80     MAssert.obj
 0003:00002b84       ?ghHeap@@3PAXA             1004cb84     Memory.obj
 0003:00002b88       ?g_LastDeletePtr@@3PAXA    1004cb88     Memory.obj
 0003:00002b90       ?gNullDesc@@3PAVMNullDesc@@A 1004cb90     MSecurity.obj
 0003:00002b94       ?gbNeedBgActivate@@3HA     1004cb94     PluginBackground.obj
 0003:00002b98       ?gbBgPluginsAllowed@@3HA   1004cb98     PluginBackground.obj
 0003:00002b9c       ?gpBgPlugin@@3PAVCPluginBackground@@A 1004cb9c     PluginBackground.obj
 0003:00002ba0       ?gszPluginServerPipe@@3PA_WA 1004cba0     PluginSrv.obj
 0003:00002da8       ?gpPlugServer@@3PAU?$PipeServer@UCESERVER_REQ@@@@A 1004cda8     PluginSrv.obj
 0003:00002dac       ?ghServerTerminateEvent@@3PAXA 1004cdac     PluginSrv.obj
 0003:00002db0       ?gbForcedServerTermination@@3_NA 1004cdb0     PluginSrv.obj
 0003:00002db8       ?g_LastSetConsoleFont@@3UMY_CONSOLE_FONT_INFOEX@@A 1004cdb8     WConsole.obj
 0003:00002e10       ?gsMapHelper@@3UConsoleSectionHelper@@A 1004ce10     WConsole.obj
 0003:00002e70       ?gfnSearchAppPaths@@3P6I_NPB_WAAUCEStr@@_NPAU1@@ZA 1004ce70     WObjects.obj
 0003:0000a6a0       ?g_ThreadsIdx@@3JA         100546a0     WThreads.obj
 0003:0000a6ac       __aenvptr                  100546ac     LIBCMT:dllcrt0.obj
 0003:0000a6b0       __wenvptr                  100546b0     LIBCMT:dllcrt0.obj
 0003:0000a6b4       ___error_mode              100546b4     LIBCMT:dllcrt0.obj
 0003:0000a6b8       ___app_type                100546b8     LIBCMT:dllcrt0.obj
 0003:0000a9d4       _gpFlsAlloc                100549d4     LIBCMT:tidtable.obj
 0003:0000a9d8       _gpFlsGetValue             100549d8     LIBCMT:tidtable.obj
 0003:0000a9dc       _gpFlsSetValue             100549dc     LIBCMT:tidtable.obj
 0003:0000a9e0       _gpFlsFree                 100549e0     LIBCMT:tidtable.obj
 0003:0000a9ec       ___pPurecall               100549ec     LIBCMT:inithelp.obj
 0003:0000a9f4       ___mbulinfo                100549f4     LIBCMT:mbctype.obj
 0003:0000aa00       ___mbcodepage              10054a00     LIBCMT:mbctype.obj
 0003:0000aa04       ___ismbcodepage            10054a04     LIBCMT:mbctype.obj
 0003:0000aa08       ___mblcid                  10054a08     LIBCMT:mbctype.obj
 0003:0000aa0c       ___locale_changed          10054a0c     LIBCMT:setlocal.obj
 0003:0000aa10       ___lc_handle               10054a10     LIBCMT:nlsdata2.obj
 0003:0000aa28       ___lc_codepage             10054a28     LIBCMT:nlsdata2.obj
 0003:0000aa2c       ___lc_collate_cp           10054a2c     LIBCMT:nlsdata2.obj
 0003:0000aa30       ___pInvalidArgHandler      10054a30     LIBCMT:invarg.obj
 0003:0000aa34       __maxwait                  10054a34     LIBCMT:crtheap.obj
 0003:0000aa38       __umaskval                 10054a38     LIBCMT:crt0dat.obj
 0003:0000aa3c       ___argc                    10054a3c     LIBCMT:crt0dat.obj
 0003:0000aa40       ___argv                    10054a40     LIBCMT:crt0dat.obj
 0003:0000aa44       ___wargv                   10054a44     LIBCMT:crt0dat.obj
 0003:0000aa48       __environ                  10054a48     LIBCMT:crt0dat.obj
 0003:0000aa4c       ___initenv                 10054a4c     LIBCMT:crt0dat.obj
 0003:0000aa50       __wenviron                 10054a50     LIBCMT:crt0dat.obj
 0003:0000aa54       ___winitenv                10054a54     LIBCMT:crt0dat.obj
 0003:0000aa58       __pgmptr                   10054a58     LIBCMT:crt0dat.obj
 0003:0000aa5c       __wpgmptr                  10054a5c     LIBCMT:crt0dat.obj
 0003:0000aa60       __exitflag                 10054a60     LIBCMT:crt0dat.obj
 0003:0000aa64       __C_Termination_Done       10054a64     LIBCMT:crt0dat.obj
 0003:0000aa68       __C_Exit_Done              10054a68     LIBCMT:crt0dat.obj
 0003:0000ac04       __crtheap                  10054c04     LIBCMT:heapinit.obj
 0003:0000ad8c       ___lconv_static_null       10054d8c     LIBCMT:lconv.obj
 0003:0000ad90       ___sbh_pHeaderDefer        10054d90     LIBCMT:sbheap.obj
 0003:0000ad94       ?__pInconsistency@@3P6AXXZA 10054d94     LIBCMT:hooks.obj
 0003:0000ada0       ?_pnhHeap@@3P6AHI@ZA       10054da0     LIBCMT:handler.obj
 0003:0000b188       __newmode                  10055188     LIBCMT:_newmode.obj
 0003:0000b190       ___sbh_initialized         10055190     <common>
 0003:0000b194       ___sbh_cntHeaderList       10055194     <common>
 0003:0000b198       ___sbh_pHeaderList         10055198     <common>
 0003:0000b19c       ___sbh_threshold           1005519c     <common>
 0003:0000b1a0       ___sbh_pHeaderScan         100551a0     <common>
 0003:0000b1a4       ___sbh_sizeHeaderList      100551a4     <common>
 0003:0000b1a8       ___sbh_indGroupDefer       100551a8     <common>
 0003:0000b1ac       __debugger_hook_dummy      100551ac     <common>
 0003:0000b1b0       ___active_heap             100551b0     <common>
 0003:0000b1b4       __nhandle                  100551b4     <common>
 0003:0000b1c0       ___pioinfo                 100551c0     <common>
 0003:0000b2c0       __pDestructExceptionObject 100552c0     <common>
 0003:0000b2c4       ___env_initialized         100552c4     <common>
 0003:0000b2c8       ___onexitend               100552c8     <common>
 0003:0000b2cc       ___onexitbegin             100552cc     <common>
 0003:0000b2d0       ___mbctype_initialized     100552d0     <common>
 0003:0000b2d4       __FPinit                   100552d4     <common>
 0003:0000b2d8       ___dyn_tls_init_callback   100552d8     <common>
 0003:0000b2dc       ___setlc_active            100552dc     <common>
 0003:0000b2e0       ___unguarded_readlc_active 100552e0     <common>
 0003:0000b2e4       ___sse2_available          100552e4     <common>
 0003:0000b2e8       __acmdln                   100552e8     <common>

 entry point at        0001:0003220c

 Static symbols

 0001:00000a70       ?StringValidateDestW@@YGJPB_WII@Z 10001a70 f   CEStr.obj
 0001:00000aa0       ?StringCopyWorkerW@@YGJPA_WIPAIPB_WI@Z 10001aa0 f   CEStr.obj
 0001:00004980       ?StringValidateDestW@@YGJPB_WII@Z 10005980 f   ConEmuCheck.obj
 0001:000049b0       ?StringCopyWorkerW@@YGJPA_WIPAIPB_WI@Z 100059b0 f   ConEmuCheck.obj
 0001:00006490       ?StringValidateDestW@@YGJPB_WII@Z 10007490 f   ConEmuCheckEx.obj
 0001:000064c0       ?StringCopyWorkerW@@YGJPA_WIPAIPB_WI@Z 100074c0 f   ConEmuCheckEx.obj
 0001:00006650       ?StringValidateDestAndLengthW@@YGJPB_WIPAII@Z 10007650 f   ConEmuCheckEx.obj
 0001:000066a0       ?StringLengthWorkerW@@YGJPB_WIPAI@Z 100076a0 f   ConEmuCheckEx.obj
 0001:00006cc0       ?StringValidateDestW@@YGJPB_WII@Z 10007cc0 f   ConEmuInjects.obj
 0001:00006cf0       ?StringCopyWorkerW@@YGJPA_WIPAIPB_WI@Z 10007cf0 f   ConEmuInjects.obj
 0001:00007750       ?ChangeExports@@YI_NPBUExportFunc@@PAUHINSTANCE__@@@Z 10008750 f   ConEmuPlugin.obj
 0001:0000a4d0       ?GetFarSetting@@YIHPAXIPB_W@Z 1000b4d0 f   ConEmuPlugin1900.obj
 0001:0000a770       ?CallGuiMacroProc@@YIXXZ   1000b770 f   ConEmuPlugin1900.obj
 0001:0000ab40       ?CallGuiMacroDlg@@YGHPAXHH0@Z 1000bb40 f   ConEmuPlugin1900.obj
 0001:0000b060       ?MAKEFARVERSION@@YI?AUVersionInfo@@KKKKW4VERSION_STAGE@@@Z 1000c060 f   ConEmuPlugin2800.obj
 0001:0000c690       ?WExists@@YIHABUWindowInfo@@ABV?$MArray@UWindowInfo@@@@@Z 1000d690 f   ConEmuPlugin2800.obj
 0001:0000c710       ?WLoadWindows@@YIHAAV?$MArray@UWindowInfo@@@@H@Z 1000d710 f   ConEmuPlugin2800.obj
 0001:0000d6e0       ?GetFarSetting@@YIHPAXIPB_W@Z 1000e6e0 f   ConEmuPlugin2800.obj
 0001:0000d990       ?CallGuiMacroProc@@YIXXZ   1000e990 f   ConEmuPlugin2800.obj
 0001:0000dcf0       ?CallGuiMacroDlg@@YGHPAXHH0@Z 1000ecf0 f   ConEmuPlugin2800.obj
 0001:0000e140       ?FreeMacroResult@@YGXPAXPAUFarMacroValue@@I@Z 1000f140 f   ConEmuPlugin2800.obj
 0001:000101a0       ?CallGuiMacroProc@@YIXXZ   100111a0 f   ConEmuPlugin995.obj
 0001:00010500       ?CallGuiMacroDlg@@YGJPAXHHJ@Z 10011500 f   ConEmuPlugin995.obj
 0001:00012160       ?CallGuiMacroProc@@YIXXZ   10013160 f   ConEmuPluginA.obj
 0001:00012510       ?CallGuiMacroDlg@@YGJPAXHHJ@Z 10013510 f   ConEmuPluginA.obj
 0001:000131a0       ?LoadFarVersion@@YI_NAAUFarVersion@@AAY0CAA@_W@Z 100141a0 f   ConEmuPluginBase.obj
 0001:00013240       ?SetDefaultFarVersion@@YIXAAUFarVersion@@@Z 10014240 f   ConEmuPluginBase.obj
 0001:00013290       ?LoadFarVersion@@YI_NPB_WAAUFarVersion@@AAY0CAA@_W@Z 10014290 f   ConEmuPluginBase.obj
 0001:000132f0       ?LoadAppVersion@@YI_NPB_WAAUtagVS_FIXEDFILEINFO@@AAY0CAA@_W@Z 100142f0 f   ConEmuPluginBase.obj
 0001:00013320       ?LoadModuleVersion@@YI_NPB_WAAUtagVS_FIXEDFILEINFO@@PA_WI@Z 10014320 f   ConEmuPluginBase.obj
 0001:00013550       ?StringValidateDestW@@YGJPB_WII@Z 10014550 f   ConEmuPluginBase.obj
 0001:00013580       ?StringValidateDestAndLengthW@@YGJPB_WIPAII@Z 10014580 f   ConEmuPluginBase.obj
 0001:000135d0       ?StringLengthWorkerW@@YGJPB_WIPAI@Z 100145d0 f   ConEmuPluginBase.obj
 0001:00013640       ?StringCopyWorkerW@@YGJPA_WIPAIPB_WI@Z 10014640 f   ConEmuPluginBase.obj
 0001:000136f0       ?ConvertVersionToFarVersion@@YIXABUtagVS_FIXEDFILEINFO@@AAUFarVersion@@@Z 100146f0 f   ConEmuPluginBase.obj
 0001:0001d790       ?StringValidateDestW@@YGJPB_WII@Z 1001e790 f   Execute.obj
 0001:0001d7c0       ?StringCopyWorkerW@@YGJPA_WIPAIPB_WI@Z 1001e7c0 f   Execute.obj
 0001:0001de30       ?FindMonitor@impl@?L@??MonitorFromParam@@YIPAUHMONITOR__@@PB_W@Z@SGHPAU3@PAUHDC__@@PAUtagRECT@@J@Z 1001ee30 f   Monitors.obj
 0001:0001e9b0       ?compare@cmp@?1??Find@MToolHelpProcess@@QAE_NKPAUtagPROCESSENTRY32W@@@Z@SI_N0J@Z 1001f9b0 f   MProcess.obj
 0001:0001e9e0       ?compare@cmp@?1??Find@MToolHelpProcess@@QAE_NPB_WPAUtagPROCESSENTRY32W@@@Z@SI_N1J@Z 1001f9e0 f   MProcess.obj
 0001:0001ea20       ??0cmp@?1??FindForks@MToolHelpProcess@@QAE_NAAV?$MArray@UtagPROCESSENTRY32W@@@@@Z@QAE@XZ 1001fa20 f   MProcess.obj
 0001:0001ea30       ??1cmp@?1??FindForks@MToolHelpProcess@@QAE_NAAV?$MArray@UtagPROCESSENTRY32W@@@@@Z@QAE@XZ 1001fa30 f   MProcess.obj
 0001:0001ea40       ?check@cmp@?1??FindForks@MToolHelpProcess@@QAE_NAAV?$MArray@UtagPROCESSENTRY32W@@@@@Z@SI_NPAUtagPROCESSENTRY32W@@J@Z 1001fa40 f   MProcess.obj
 0001:00020bd0       ?StringValidateDestA@@YGJPBDII@Z 10021bd0 f   MStrDup.obj
 0001:00020c00       ?StringCopyWorkerA@@YGJPADIPAIPBDI@Z 10021c00 f   MStrDup.obj
 0001:00020d20       ?StringValidateDestW@@YGJPB_WII@Z 10021d20 f   MStrDup.obj
 0001:00020d50       ?StringCopyWorkerW@@YGJPA_WIPAIPB_WI@Z 10021d50 f   MStrDup.obj
 0001:000244e0       ?StringValidateDestW@@YGJPB_WII@Z 100254e0 f   PluginBackground.obj
 0001:00024510       ?StringCopyWorkerW@@YGJPA_WIPAIPB_WI@Z 10025510 f   PluginBackground.obj
 0001:00026c10       ?StringValidateDestW@@YGJPB_WII@Z 10027c10 f   PluginSrv.obj
 0001:00026c40       ?StringCopyWorkerW@@YGJPA_WIPAIPB_WI@Z 10027c40 f   PluginSrv.obj
 0001:0002abd0       ?StringValidateDestW@@YGJPB_WII@Z 1002bbd0 f   WObjects.obj
 0001:0002ac00       ?StringCopyWorkerW@@YGJPA_WIPAIPB_WI@Z 1002bc00 f   WObjects.obj
 0001:0002b200       ?CheckRegKeyExist@@YI_NPAURegKeyExistArg@@@Z 1002c200 f   WObjects.obj
 0001:0002bf30       ?StringValidateDestAndLengthW@@YGJPB_WIPAII@Z 1002cf30 f   WObjects.obj
 0001:0002bf80       ?StringLengthWorkerW@@YGJPB_WIPAI@Z 1002cf80 f   WObjects.obj
 0001:0002dd10       ?StringValidateDestW@@YGJPB_WII@Z 1002ed10 f   WUser.obj
 0001:0002dd40       ?StringCopyWorkerW@@YGJPA_WIPAIPB_WI@Z 1002ed40 f   WUser.obj
 0001:0002ed05       _cmpResult                 1002fd05 f   LIBCMT:memcmp.obj
 0001:0002ed17       _cmpBYTE                   1002fd17 f   LIBCMT:memcmp.obj
 0001:0002ed2f       _cmpWORD                   1002fd2f f   LIBCMT:memcmp.obj
 0001:0002ed6f       _cmpDWORD                  1002fd6f f   LIBCMT:memcmp.obj
 0001:0002ede7       _unaligned_memcmp          1002fde7 f   LIBCMT:memcmp.obj
 0001:00031993       ?wcstoxl@@YAKPAUlocaleinfo_struct@@PB_WPAPB_WHH@Z 10032993 f   LIBCMT:wcstol.obj
 0001:00031c1e       __onexit_nolock            10032c1e f   LIBCMT:onexit.obj
 0001:00032116       ___DllMainCRTStartup       10033116 f   LIBCMT:dllcrt0.obj
 0001:0003222f       _fastcopy_I                1003322f f   LIBCMT:p4_memcpy.obj
 0001:00032399       _has_osfxsr_set            10033399 f   LIBCMT:cpu_disp.obj
 0001:00032458       _fastzero_I                10033458 f   LIBCMT:p4_memset.obj
 0001:000330a0       ?CPtoLCID@@YAHH@Z          100340a0 f   LIBCMT:mbctype.obj
 0001:000330cf       ?setSBCS@@YAXPAUthreadmbcinfostruct@@@Z 100340cf f   LIBCMT:mbctype.obj
 0001:00033133       ?setSBUpLow@@YAXPAUthreadmbcinfostruct@@@Z 10034133 f   LIBCMT:mbctype.obj
 0001:0003336a       ?getSystemCP@@YAHH@Z       1003436a f   LIBCMT:mbctype.obj
 0001:00033a3e       __copytlocinfo_nolock      10034a3e f   LIBCMT:setlocal.obj
 0001:00033a64       __updatetlocinfoEx_nolock  10034a64 f   LIBCMT:setlocal.obj
 0001:00033b82       _sync_legacy_variables_lk  10034b82 f   LIBCMT:setlocal.obj
 0001:00033f2f       __setlocale_get_all        10034f2f f   LIBCMT:setlocal.obj
 0001:000342dd       __setlocale_set_cat        100352dd f   LIBCMT:setlocal.obj
 0001:000345df       __setlocale_nolock         100355df f   LIBCMT:setlocal.obj
 0001:000352ef       __initterm                 100362ef f   LIBCMT:crt0dat.obj
 0001:0003542d       _doexit                    1003642d f   LIBCMT:crt0dat.obj
 0001:00035650       _ValidateLocalCookies      10036650 f   LIBCMT:chandler4.obj
 0001:00035864       __unwind_handler           10036864 f   LIBCMT:exsup.obj
 0001:00035980       _ValidateScopeTableHandlers 10036980 f   LIBCMT:eh3valid.obj
 0001:000361a6       _parse_cmdline             100371a6 f   LIBCMT:stdargv.obj
 0001:0003662d       _xcptlookup                1003762d f   LIBCMT:winxfltr.obj
 0001:00036896       _ctrlevent_capture@4       10037896 f   LIBCMT:winsig.obj
 0001:00036931       _siglookup                 10037931 f   LIBCMT:winsig.obj
 0001:000378e1       ?__crtGetLocaleInfoW_stat@@YAHPAUlocaleinfo_struct@@KKPA_WHH@Z 100388e1 f   LIBCMT:w_loc.obj
 0001:00037964       ?__crtGetLocaleInfoA_stat@@YAHPAUlocaleinfo_struct@@KKPADHH@Z 10038964 f   LIBCMT:a_loc.obj
 0001:00037ae0       ?strncnt@@YAHPBDH@Z        10038ae0 f   LIBCMT:a_map.obj
 0001:00037afe       ?__crtLCMapStringA_stat@@YAHPAUlocaleinfo_struct@@KKPBDHPADHHH@Z 10038afe f   LIBCMT:a_map.obj
 0001:00037ee8       ?__crtGetStringTypeA_stat@@YAHPAUlocaleinfo_struct@@KPBDHPAGHHH@Z 10038ee8 f   LIBCMT:a_str.obj
 0001:00038113       __get_lc_time              10039113 f   LIBCMT:inittime.obj
 0001:0003873c       _fix_grouping              1003973c f   LIBCMT:initnum.obj
 0001:0003897e       _fix_grouping              1003997e f   LIBCMT:initmon.obj
 0001:000396d3       ?_store_str@@YAXPADPAPADPAI@Z 1003a6d3 f   LIBCMT:strftime.obj
 0001:000396f3       ?_store_number@@YAXHPAPADPAI@Z 1003a6f3 f   LIBCMT:strftime.obj
 0001:00039729       ?_store_num@@YAXHHPAPADPAII@Z 1003a729 f   LIBCMT:strftime.obj
 0001:000397a4       ?_expandtime@@YAHPAUlocaleinfo_struct@@DPBUtm@@PAPADPAIPAU__lc_time_data@@I@Z 1003a7a4 f   LIBCMT:strftime.obj
 0001:00039b8c       ?_store_winword@@YAHPAUlocaleinfo_struct@@HPBUtm@@PAPADPAIPAU__lc_time_data@@@Z 1003ab8c f   LIBCMT:strftime.obj
 0001:0003a2f8       _TranslateName             1003b2f8 f   LIBCMT:getqloc.obj
 0001:0003a35a       _GetLcidFromDefault        1003b35a f   LIBCMT:getqloc.obj
 0001:0003a36e       _ProcessCodePage           1003b36e f   LIBCMT:getqloc.obj
 0001:0003a412       _TestDefaultCountry        1003b412 f   LIBCMT:getqloc.obj
 0001:0003a436       _LcidFromHexString         1003b436 f   LIBCMT:getqloc.obj
 0001:0003a46a       _GetPrimaryLen             1003b46a f   LIBCMT:getqloc.obj
 0001:0003a485       _CountryEnumProc@4         1003b485 f   LIBCMT:getqloc.obj
 0001:0003a51d       _TestDefaultLanguage       1003b51d f   LIBCMT:getqloc.obj
 0001:0003a591       _LangCountryEnumProc@4     1003b591 f   LIBCMT:getqloc.obj
 0001:0003a763       _LanguageEnumProc@4        1003b763 f   LIBCMT:getqloc.obj
 0001:0003a824       _GetLcidFromCountry        1003b824 f   LIBCMT:getqloc.obj
 0001:0003a850       _GetLcidFromLangCountry    1003b850 f   LIBCMT:getqloc.obj
 0001:0003a8b7       _GetLcidFromLanguage       1003b8b7 f   LIBCMT:getqloc.obj
 0001:0003abf0       ?__crtGetStringTypeW_stat@@YAHPAUlocaleinfo_struct@@KPB_WHPAGHH@Z 1003bbf0 f   LIBCMT:w_str.obj
 0001:0003c65c       __unwind_handler4          1003d65c f   LIBCMT:exsup4.obj
 0001:0003c71f       ?x_ismbbtype_l@@YAHPAUlocaleinfo_struct@@IHH@Z 1003d71f f   LIBCMT:ismbbyte.obj
 0001:0003cf93       __tzset_nolock             1003df93 f   LIBCMT:tzset.obj
 0001:0003d2d9       _cvtdate                   1003e2d9 f   LIBCMT:tzset.obj
 0001:0003d4d0       __isindst_nolock           1003e4d0 f   LIBCMT:tzset.obj
 0001:0003dd7f       _xtoa_s@20                 1003ed7f f   LIBCMT:xtoas.obj
 0001:0003dec7       @x64toa_s@24               1003eec7 f   LIBCMT:xtoas.obj
 0001:0003e0a3       __getenv_s_helper          1003f0a3 f   LIBCMT:getenv.obj
 0001:0003e138       __dupenv_s_helper          1003f138 f   LIBCMT:getenv.obj
 0001:0003e56b       ?strtoxl@@YAKPAUlocaleinfo_struct@@PBDPAPBDHH@Z 1003f56b f   LIBCMT:strtol.obj
 0001:0003e82b       ?strtoxq@@YA_KPAUlocaleinfo_struct@@PBDPAPBDHH@Z 1003f82b f   LIBCMT:strtoq.obj
 0001:0003eea4       ?strncnt@@YAHPBDH@Z        1003fea4 f   LIBCMT:a_cmp.obj
 0001:0003eec2       ?__crtCompareStringA_stat@@YAHPAUlocaleinfo_struct@@KKPBDH1HH@Z 1003fec2 f   LIBCMT:a_cmp.obj
 0001:0003f397       _findenv                   10040397 f   LIBCMT:setenv.obj
 0001:0003f3e9       _copy_environ              100403e9 f   LIBCMT:setenv.obj
 0001:0003f8c0       ??__EhkFunc@@YAXXZ         100408c0 f   HkFunc.obj
 0001:0003f8d0       ??__EgsMapHelper@@YAXXZ    100408d0 f   WConsole.obj
 0001:0003f8f0       ??__FgsMapHelper@@YAXXZ    100408f0 f   WConsole.obj
